ARM Linker, 5.03 [Build 76] [MDK-ARM Standard]

==============================================================================

Section Cross References

    stm32f10x_gpio.o(.text) refers to stm32f10x_rcc.o(.text) for RCC_APB2PeriphResetCmd
    stm32f10x_i2c.o(.text) refers to stm32f10x_rcc.o(.text) for RCC_APB1PeriphResetCmd
    stm32f10x_pwr.o(.text) refers to stm32f10x_rcc.o(.text) for RCC_APB1PeriphResetCmd
    stm32f10x_rcc.o(.text) refers to stm32f10x_rcc.o(.data) for APBAHBPrescTable
    stm32f10x_spi.o(.text) refers to stm32f10x_rcc.o(.text) for RCC_APB2PeriphResetCmd
    stm32f10x_tim.o(.text) refers to stm32f10x_rcc.o(.text) for RCC_APB2PeriphResetCmd
    stm32f10x_usart.o(.text) refers to stm32f10x_rcc.o(.text) for RCC_APB2PeriphResetCmd
    stm32f10x_wwdg.o(.text) refers to stm32f10x_rcc.o(.text) for RCC_APB1PeriphResetCmd
    stm32f10x_adc.o(.text) refers to stm32f10x_rcc.o(.text) for RCC_APB2PeriphResetCmd
    stm32f10x_bkp.o(.text) refers to stm32f10x_rcc.o(.text) for RCC_BackupResetCmd
    stm32f10x_can.o(.text) refers to stm32f10x_rcc.o(.text) for RCC_APB1PeriphResetCmd
    stm32f10x_dac.o(.text) refers to stm32f10x_rcc.o(.text) for RCC_APB1PeriphResetCmd
    startup_stm32f10x_md.o(RESET) refers to startup_stm32f10x_md.o(STACK) for __initial_sp
    startup_stm32f10x_md.o(RESET) refers to startup_stm32f10x_md.o(.text) for Reset_Handler
    startup_stm32f10x_md.o(RESET) refers to stm32f10x_it.o(.text) for NMI_Handler
    startup_stm32f10x_md.o(RESET) refers to main.o(.text) for USART1_IRQHandler
    startup_stm32f10x_md.o(.text) refers to entry.o(.ARM.Collect$$$$00000000) for __main
    main.o(.text) refers to stm32f10x_usart.o(.text) for USART_SendData
    main.o(.text) refers to bsp_config.o(.text) for RCC_Configuration
    main.o(.text) refers to stm32f10x_gpio.o(.text) for GPIO_SetBits
    main.o(.text) refers to main.o(.data) for count
    main.o(.text) refers to main.o(.bss) for ch
    stm32f10x_it.o(.text) refers to bsp_config.o(.text) for TimingDelay_Decrement
    stm32f10x_it.o(.text) refers to stm32f10x_gpio.o(.text) for GPIO_ReadInputDataBit
    stm32f10x_it.o(.text) refers to stm32f10x_tim.o(.text) for TIM_GetITStatus
    stm32f10x_it.o(.text) refers to main.o(.data) for Key0
    stm32f10x_it.o(.text) refers to stm32f10x_it.o(.data) for capture
    stm32f10x_it.o(.text) refers to bsp_config.o(.data) for CCR1_Val
    bsp_config.o(.text) refers to stm32f10x_gpio.o(.text) for GPIO_Init
    bsp_config.o(.text) refers to stm32f10x_rcc.o(.text) for RCC_APB2PeriphClockCmd
    bsp_config.o(.text) refers to misc.o(.text) for NVIC_SetVectorTable
    bsp_config.o(.text) refers to stm32f10x_usart.o(.text) for USART_Init
    bsp_config.o(.text) refers to stm32f10x_tim.o(.text) for TIM_TimeBaseInit
    bsp_config.o(.text) refers to stm32f10x_spi.o(.text) for SPI_Init
    bsp_config.o(.text) refers to bsp_config.o(.data) for CCR1_Val
    bsp_config.o(.text) refers to system_stm32f10x.o(.constdata) for SystemFrequency
    send_data.o(.text) refers to stm32f10x_usart.o(.text) for USART_GetFlagStatus
    send_data.o(.text) refers to crc.o(.text) for AH_CRC_Verify
    crc.o(.text) refers to crc.o(.constdata) for CRC_Tab
    oled.o(.text) refers to stm32f10x_gpio.o(.text) for GPIO_SetBits
    oled.o(.text) refers to bsp_config.o(.text) for SPI2_ReadWriteByte
    oled.o(.text) refers to oled.o(.bss) for OLED_GRAM
    oled.o(.text) refers to oled.o(.constdata) for oled_asc2_1206
    oled.o(.text) refers to stm32f10x_rcc.o(.text) for RCC_APB2PeriphClockCmd
    eeprom.o(.text) refers to stm32f10x_gpio.o(.text) for GPIO_Init
    eeprom.o(.text) refers to eeprom.o(.constdata) for cucBit2
    entry.o(.ARM.Collect$$$$00000000) refers (Special) to entry10a.o(.ARM.Collect$$$$0000000D) for __rt_final_cpp
    entry.o(.ARM.Collect$$$$00000000) refers (Special) to entry11a.o(.ARM.Collect$$$$0000000F) for __rt_final_exit
    entry.o(.ARM.Collect$$$$00000000) refers (Special) to entry7b.o(.ARM.Collect$$$$00000008) for _main_clock
    entry.o(.ARM.Collect$$$$00000000) refers (Special) to entry8b.o(.ARM.Collect$$$$0000000A) for _main_cpp_init
    entry.o(.ARM.Collect$$$$00000000) refers (Special) to entry9a.o(.ARM.Collect$$$$0000000B) for _main_init
    entry.o(.ARM.Collect$$$$00000000) refers (Special) to entry5.o(.ARM.Collect$$$$00000004) for _main_scatterload
    entry.o(.ARM.Collect$$$$00000000) refers (Special) to entry2.o(.ARM.Collect$$$$00000001) for _main_stk
    entry2.o(.ARM.Collect$$$$00000001) refers to entry2.o(.ARM.Collect$$$$00002712) for __lit__00000000
    entry2.o(.ARM.Collect$$$$00002712) refers to startup_stm32f10x_md.o(STACK) for __initial_sp
    entry2.o(__vectab_stack_and_reset_area) refers to startup_stm32f10x_md.o(STACK) for __initial_sp
    entry2.o(__vectab_stack_and_reset_area) refers to entry.o(.ARM.Collect$$$$00000000) for __main
    entry5.o(.ARM.Collect$$$$00000004) refers to init.o(.text) for __scatterload
    entry9a.o(.ARM.Collect$$$$0000000B) refers to main.o(.text) for main
    entry9b.o(.ARM.Collect$$$$0000000C) refers to main.o(.text) for main
    init.o(.text) refers to entry5.o(.ARM.Collect$$$$00000004) for __main_after_scatterload


==============================================================================

Removing Unused input sections from the image.

    Removing stm32f10x_i2c.o(.text), (996 bytes).
    Removing stm32f10x_iwdg.o(.text), (64 bytes).
    Removing stm32f10x_pwr.o(.text), (192 bytes).
    Removing stm32f10x_rtc.o(.text), (324 bytes).
    Removing stm32f10x_sdio.o(.text), (460 bytes).
    Removing stm32f10x_wwdg.o(.text), (124 bytes).
    Removing stm32f10x_adc.o(.text), (1072 bytes).
    Removing stm32f10x_bkp.o(.text), (164 bytes).
    Removing stm32f10x_can.o(.text), (1938 bytes).
    Removing stm32f10x_crc.o(.text), (72 bytes).
    Removing stm32f10x_dac.o(.text), (336 bytes).
    Removing stm32f10x_dbgmcu.o(.text), (48 bytes).
    Removing stm32f10x_dma.o(.text), (572 bytes).
    Removing stm32f10x_exti.o(.text), (292 bytes).
    Removing stm32f10x_flash.o(.text), (1324 bytes).
    Removing stm32f10x_fsmc.o(.text), (1552 bytes).
    Removing startup_stm32f10x_md.o(HEAP), (0 bytes).
    Removing core_cm3.o(.emb_text), (32 bytes).
    Removing system_stm32f10x.o(.text), (312 bytes).
    Removing send_data.o(.text), (224 bytes).
    Removing crc.o(.text), (340 bytes).
    Removing crc.o(.constdata), (512 bytes).
    Removing oled.o(.text), (1276 bytes).
    Removing oled.o(.bss), (1024 bytes).
    Removing oled.o(.constdata), (3012 bytes).
    Removing eeprom.o(.text), (1008 bytes).
    Removing eeprom.o(.constdata), (8 bytes).

27 unused section(s) (total 17278 bytes) removed from the image.

==============================================================================

Image Symbol Table

    Local Symbols

    Symbol Name                              Value     Ov Type        Size  Object(Section)

    ../clib/microlib/init/entry.s            0x00000000   Number         0  entry.o ABSOLUTE
    ../clib/microlib/init/entry.s            0x00000000   Number         0  entry10a.o ABSOLUTE
    ../clib/microlib/init/entry.s            0x00000000   Number         0  entry11b.o ABSOLUTE
    ../clib/microlib/init/entry.s            0x00000000   Number         0  entry11a.o ABSOLUTE
    ../clib/microlib/init/entry.s            0x00000000   Number         0  entry10b.o ABSOLUTE
    ../clib/microlib/init/entry.s            0x00000000   Number         0  entry9b.o ABSOLUTE
    ../clib/microlib/init/entry.s            0x00000000   Number         0  entry9a.o ABSOLUTE
    ../clib/microlib/init/entry.s            0x00000000   Number         0  entry8b.o ABSOLUTE
    ../clib/microlib/init/entry.s            0x00000000   Number         0  entry8a.o ABSOLUTE
    ../clib/microlib/init/entry.s            0x00000000   Number         0  entry7b.o ABSOLUTE
    ../clib/microlib/init/entry.s            0x00000000   Number         0  entry7a.o ABSOLUTE
    ../clib/microlib/init/entry.s            0x00000000   Number         0  entry5.o ABSOLUTE
    ../clib/microlib/init/entry.s            0x00000000   Number         0  entry2.o ABSOLUTE
    ..\APP\BSP_Config.c                      0x00000000   Number         0  bsp_config.o ABSOLUTE
    ..\APP\CRC.c                             0x00000000   Number         0  crc.o ABSOLUTE
    ..\APP\Eeprom.c                          0x00000000   Number         0  eeprom.o ABSOLUTE
    ..\APP\Sprint\send_DATA.c                0x00000000   Number         0  send_data.o ABSOLUTE
    ..\APP\main.c                            0x00000000   Number         0  main.o ABSOLUTE
    ..\APP\oled.c                            0x00000000   Number         0  oled.o ABSOLUTE
    ..\APP\stm32f10x_it.c                    0x00000000   Number         0  stm32f10x_it.o ABSOLUTE
    ..\Libraries\CMSIS\Core\CM3\core_cm3.c   0x00000000   Number         0  core_cm3.o ABSOLUTE
    ..\Libraries\CMSIS\Core\CM3\startup\arm\startup_stm32f10x_md.s 0x00000000   Number         0  startup_stm32f10x_md.o ABSOLUTE
    ..\Libraries\CMSIS\Core\CM3\system_stm32f10x.c 0x00000000   Number         0  system_stm32f10x.o ABSOLUTE
    ..\Libraries\STM32F10x_StdPeriph_Driver\src\misc.c 0x00000000   Number         0  misc.o ABSOLUTE
    ..\Libraries\STM32F10x_StdPeriph_Driver\src\stm32f10x_adc.c 0x00000000   Number         0  stm32f10x_adc.o ABSOLUTE
    ..\Libraries\STM32F10x_StdPeriph_Driver\src\stm32f10x_bkp.c 0x00000000   Number         0  stm32f10x_bkp.o ABSOLUTE
    ..\Libraries\STM32F10x_StdPeriph_Driver\src\stm32f10x_can.c 0x00000000   Number         0  stm32f10x_can.o ABSOLUTE
    ..\Libraries\STM32F10x_StdPeriph_Driver\src\stm32f10x_crc.c 0x00000000   Number         0  stm32f10x_crc.o ABSOLUTE
    ..\Libraries\STM32F10x_StdPeriph_Driver\src\stm32f10x_dac.c 0x00000000   Number         0  stm32f10x_dac.o ABSOLUTE
    ..\Libraries\STM32F10x_StdPeriph_Driver\src\stm32f10x_dbgmcu.c 0x00000000   Number         0  stm32f10x_dbgmcu.o ABSOLUTE
    ..\Libraries\STM32F10x_StdPeriph_Driver\src\stm32f10x_dma.c 0x00000000   Number         0  stm32f10x_dma.o ABSOLUTE
    ..\Libraries\STM32F10x_StdPeriph_Driver\src\stm32f10x_exti.c 0x00000000   Number         0  stm32f10x_exti.o ABSOLUTE
    ..\Libraries\STM32F10x_StdPeriph_Driver\src\stm32f10x_flash.c 0x00000000   Number         0  stm32f10x_flash.o ABSOLUTE
    ..\Libraries\STM32F10x_StdPeriph_Driver\src\stm32f10x_fsmc.c 0x00000000   Number         0  stm32f10x_fsmc.o ABSOLUTE
    ..\Libraries\STM32F10x_StdPeriph_Driver\src\stm32f10x_gpio.c 0x00000000   Number         0  stm32f10x_gpio.o ABSOLUTE
    ..\Libraries\STM32F10x_StdPeriph_Driver\src\stm32f10x_i2c.c 0x00000000   Number         0  stm32f10x_i2c.o ABSOLUTE
    ..\Libraries\STM32F10x_StdPeriph_Driver\src\stm32f10x_iwdg.c 0x00000000   Number         0  stm32f10x_iwdg.o ABSOLUTE
    ..\Libraries\STM32F10x_StdPeriph_Driver\src\stm32f10x_pwr.c 0x00000000   Number         0  stm32f10x_pwr.o ABSOLUTE
    ..\Libraries\STM32F10x_StdPeriph_Driver\src\stm32f10x_rcc.c 0x00000000   Number         0  stm32f10x_rcc.o ABSOLUTE
    ..\Libraries\STM32F10x_StdPeriph_Driver\src\stm32f10x_rtc.c 0x00000000   Number         0  stm32f10x_rtc.o ABSOLUTE
    ..\Libraries\STM32F10x_StdPeriph_Driver\src\stm32f10x_sdio.c 0x00000000   Number         0  stm32f10x_sdio.o ABSOLUTE
    ..\Libraries\STM32F10x_StdPeriph_Driver\src\stm32f10x_spi.c 0x00000000   Number         0  stm32f10x_spi.o ABSOLUTE
    ..\Libraries\STM32F10x_StdPeriph_Driver\src\stm32f10x_tim.c 0x00000000   Number         0  stm32f10x_tim.o ABSOLUTE
    ..\Libraries\STM32F10x_StdPeriph_Driver\src\stm32f10x_usart.c 0x00000000   Number         0  stm32f10x_usart.o ABSOLUTE
    ..\Libraries\STM32F10x_StdPeriph_Driver\src\stm32f10x_wwdg.c 0x00000000   Number         0  stm32f10x_wwdg.o ABSOLUTE
    ..\\Libraries\\CMSIS\\Core\\CM3\\core_cm3.c 0x00000000   Number         0  core_cm3.o ABSOLUTE
    dc.s                                     0x00000000   Number         0  dc.o ABSOLUTE
    handlers.s                               0x00000000   Number         0  handlers.o ABSOLUTE
    init.s                                   0x00000000   Number         0  init.o ABSOLUTE
    RESET                                    0x08000000   Section      236  startup_stm32f10x_md.o(RESET)
    .ARM.Collect$$$$00000000                 0x080000ec   Section        0  entry.o(.ARM.Collect$$$$00000000)
    .ARM.Collect$$$$00000001                 0x080000ec   Section        4  entry2.o(.ARM.Collect$$$$00000001)
    .ARM.Collect$$$$00000004                 0x080000f0   Section        4  entry5.o(.ARM.Collect$$$$00000004)
    .ARM.Collect$$$$00000008                 0x080000f4   Section        0  entry7b.o(.ARM.Collect$$$$00000008)
    .ARM.Collect$$$$0000000A                 0x080000f4   Section        0  entry8b.o(.ARM.Collect$$$$0000000A)
    .ARM.Collect$$$$0000000B                 0x080000f4   Section        8  entry9a.o(.ARM.Collect$$$$0000000B)
    .ARM.Collect$$$$0000000D                 0x080000fc   Section        0  entry10a.o(.ARM.Collect$$$$0000000D)
    .ARM.Collect$$$$0000000F                 0x080000fc   Section        0  entry11a.o(.ARM.Collect$$$$0000000F)
    .ARM.Collect$$$$00002712                 0x080000fc   Section        4  entry2.o(.ARM.Collect$$$$00002712)
    __lit__00000000                          0x080000fc   Data           4  entry2.o(.ARM.Collect$$$$00002712)
    .text                                    0x08000100   Section        0  misc.o(.text)
    .text                                    0x080001dc   Section        0  stm32f10x_gpio.o(.text)
    .text                                    0x08000508   Section        0  stm32f10x_rcc.o(.text)
    .text                                    0x080008a8   Section        0  stm32f10x_spi.o(.text)
    .text                                    0x08000ba8   Section        0  stm32f10x_tim.o(.text)
    TI4_Config                               0x08000ec7   Thumb Code    82  stm32f10x_tim.o(.text)
    TI3_Config                               0x08000f2b   Thumb Code    72  stm32f10x_tim.o(.text)
    TI2_Config                               0x08000f9d   Thumb Code    80  stm32f10x_tim.o(.text)
    TI1_Config                               0x08000fff   Thumb Code    56  stm32f10x_tim.o(.text)
    .text                                    0x08001770   Section        0  stm32f10x_usart.o(.text)
    .text                                    0x08001ae0   Section       28  startup_stm32f10x_md.o(.text)
    .text                                    0x08001afc   Section        0  main.o(.text)
    .text                                    0x08001c1c   Section        0  stm32f10x_it.o(.text)
    .text                                    0x08001d0c   Section        0  bsp_config.o(.text)
    .text                                    0x080021a8   Section       36  init.o(.text)
    i.__scatterload_copy                     0x080021cc   Section       14  handlers.o(i.__scatterload_copy)
    i.__scatterload_null                     0x080021da   Section        2  handlers.o(i.__scatterload_null)
    i.__scatterload_zeroinit                 0x080021dc   Section       14  handlers.o(i.__scatterload_zeroinit)
    .constdata                               0x080021ec   Section       20  system_stm32f10x.o(.constdata)
    .data                                    0x20000000   Section       20  stm32f10x_rcc.o(.data)
    APBAHBPrescTable                         0x20000000   Data          16  stm32f10x_rcc.o(.data)
    ADCPrescTable                            0x20000010   Data           4  stm32f10x_rcc.o(.data)
    .data                                    0x20000014   Section       86  main.o(.data)
    .data                                    0x2000006c   Section        6  stm32f10x_it.o(.data)
    .data                                    0x20000074   Section        8  bsp_config.o(.data)
    TimingDelay                              0x20000078   Data           4  bsp_config.o(.data)
    .bss                                     0x2000007c   Section       80  main.o(.bss)
    STACK                                    0x200000d0   Section     1024  startup_stm32f10x_md.o(STACK)

    Global Symbols

    Symbol Name                              Value     Ov Type        Size  Object(Section)

    BuildAttributes$$THM_ISAv4$P$D$K$B$S$PE$A:L22UL41UL21$X:L11$S22US41US21$IEEE1$IW$USESV6$~STKCKD$USESV7$~SHL$OSPACE$EBA8$MICROLIB$REQ8$PRES8$EABIv2 0x00000000   Number         0  anon$$obj.o ABSOLUTE
    __ARM_use_no_argv                        0x00000000   Number         0  main.o ABSOLUTE
    __cpp_initialize__aeabi_                  - Undefined Weak Reference
    __cxa_finalize                            - Undefined Weak Reference
    __decompress                              - Undefined Weak Reference
    _clock_init                               - Undefined Weak Reference
    _microlib_exit                            - Undefined Weak Reference
    __Vectors_Size                           0x000000ec   Number         0  startup_stm32f10x_md.o ABSOLUTE
    __Vectors                                0x08000000   Data           4  startup_stm32f10x_md.o(RESET)
    __Vectors_End                            0x080000ec   Data           0  startup_stm32f10x_md.o(RESET)
    __main                                   0x080000ed   Thumb Code     0  entry.o(.ARM.Collect$$$$00000000)
    _main_stk                                0x080000ed   Thumb Code     0  entry2.o(.ARM.Collect$$$$00000001)
    _main_scatterload                        0x080000f1   Thumb Code     0  entry5.o(.ARM.Collect$$$$00000004)
    __main_after_scatterload                 0x080000f5   Thumb Code     0  entry5.o(.ARM.Collect$$$$00000004)
    _main_clock                              0x080000f5   Thumb Code     0  entry7b.o(.ARM.Collect$$$$00000008)
    _main_cpp_init                           0x080000f5   Thumb Code     0  entry8b.o(.ARM.Collect$$$$0000000A)
    _main_init                               0x080000f5   Thumb Code     0  entry9a.o(.ARM.Collect$$$$0000000B)
    __rt_final_cpp                           0x080000fd   Thumb Code     0  entry10a.o(.ARM.Collect$$$$0000000D)
    __rt_final_exit                          0x080000fd   Thumb Code     0  entry11a.o(.ARM.Collect$$$$0000000F)
    NVIC_PriorityGroupConfig                 0x08000101   Thumb Code    10  misc.o(.text)
    NVIC_Init                                0x0800010b   Thumb Code   102  misc.o(.text)
    NVIC_SetVectorTable                      0x08000171   Thumb Code    14  misc.o(.text)
    NVIC_SystemLPConfig                      0x0800017f   Thumb Code    34  misc.o(.text)
    SysTick_CLKSourceConfig                  0x080001a1   Thumb Code    40  misc.o(.text)
    GPIO_DeInit                              0x080001dd   Thumb Code   188  stm32f10x_gpio.o(.text)
    GPIO_AFIODeInit                          0x08000299   Thumb Code    20  stm32f10x_gpio.o(.text)
    GPIO_Init                                0x080002ad   Thumb Code   274  stm32f10x_gpio.o(.text)
    GPIO_StructInit                          0x080003bf   Thumb Code    16  stm32f10x_gpio.o(.text)
    GPIO_ReadInputDataBit                    0x080003cf   Thumb Code    18  stm32f10x_gpio.o(.text)
    GPIO_ReadInputData                       0x080003e1   Thumb Code     8  stm32f10x_gpio.o(.text)
    GPIO_ReadOutputDataBit                   0x080003e9   Thumb Code    18  stm32f10x_gpio.o(.text)
    GPIO_ReadOutputData                      0x080003fb   Thumb Code     8  stm32f10x_gpio.o(.text)
    GPIO_SetBits                             0x08000403   Thumb Code     4  stm32f10x_gpio.o(.text)
    GPIO_ResetBits                           0x08000407   Thumb Code     4  stm32f10x_gpio.o(.text)
    GPIO_WriteBit                            0x0800040b   Thumb Code    10  stm32f10x_gpio.o(.text)
    GPIO_Write                               0x08000415   Thumb Code     4  stm32f10x_gpio.o(.text)
    GPIO_PinLockConfig                       0x08000419   Thumb Code    18  stm32f10x_gpio.o(.text)
    GPIO_EventOutputConfig                   0x0800042b   Thumb Code    26  stm32f10x_gpio.o(.text)
    GPIO_EventOutputCmd                      0x08000445   Thumb Code     6  stm32f10x_gpio.o(.text)
    GPIO_PinRemapConfig                      0x0800044b   Thumb Code   106  stm32f10x_gpio.o(.text)
    GPIO_EXTILineConfig                      0x080004b5   Thumb Code    66  stm32f10x_gpio.o(.text)
    RCC_DeInit                               0x08000509   Thumb Code    62  stm32f10x_rcc.o(.text)
    RCC_HSEConfig                            0x08000547   Thumb Code    70  stm32f10x_rcc.o(.text)
    RCC_GetFlagStatus                        0x0800058d   Thumb Code    56  stm32f10x_rcc.o(.text)
    RCC_WaitForHSEStartUp                    0x080005c5   Thumb Code    54  stm32f10x_rcc.o(.text)
    RCC_AdjustHSICalibrationValue            0x080005fb   Thumb Code    20  stm32f10x_rcc.o(.text)
    RCC_HSICmd                               0x0800060f   Thumb Code     6  stm32f10x_rcc.o(.text)
    RCC_PLLConfig                            0x08000615   Thumb Code    24  stm32f10x_rcc.o(.text)
    RCC_PLLCmd                               0x0800062d   Thumb Code     6  stm32f10x_rcc.o(.text)
    RCC_SYSCLKConfig                         0x08000633   Thumb Code    18  stm32f10x_rcc.o(.text)
    RCC_GetSYSCLKSource                      0x08000645   Thumb Code    10  stm32f10x_rcc.o(.text)
    RCC_HCLKConfig                           0x0800064f   Thumb Code    18  stm32f10x_rcc.o(.text)
    RCC_PCLK1Config                          0x08000661   Thumb Code    18  stm32f10x_rcc.o(.text)
    RCC_PCLK2Config                          0x08000673   Thumb Code    20  stm32f10x_rcc.o(.text)
    RCC_ITConfig                             0x08000687   Thumb Code    26  stm32f10x_rcc.o(.text)
    RCC_USBCLKConfig                         0x080006a1   Thumb Code     6  stm32f10x_rcc.o(.text)
    RCC_ADCCLKConfig                         0x080006a7   Thumb Code    18  stm32f10x_rcc.o(.text)
    RCC_LSEConfig                            0x080006b9   Thumb Code    44  stm32f10x_rcc.o(.text)
    RCC_LSICmd                               0x080006e5   Thumb Code     6  stm32f10x_rcc.o(.text)
    RCC_RTCCLKConfig                         0x080006eb   Thumb Code    12  stm32f10x_rcc.o(.text)
    RCC_RTCCLKCmd                            0x080006f7   Thumb Code     8  stm32f10x_rcc.o(.text)
    RCC_GetClocksFreq                        0x080006ff   Thumb Code   192  stm32f10x_rcc.o(.text)
    RCC_AHBPeriphClockCmd                    0x080007bf   Thumb Code    26  stm32f10x_rcc.o(.text)
    RCC_APB2PeriphClockCmd                   0x080007d9   Thumb Code    26  stm32f10x_rcc.o(.text)
    RCC_APB1PeriphClockCmd                   0x080007f3   Thumb Code    26  stm32f10x_rcc.o(.text)
    RCC_APB2PeriphResetCmd                   0x0800080d   Thumb Code    26  stm32f10x_rcc.o(.text)
    RCC_APB1PeriphResetCmd                   0x08000827   Thumb Code    26  stm32f10x_rcc.o(.text)
    RCC_BackupResetCmd                       0x08000841   Thumb Code     8  stm32f10x_rcc.o(.text)
    RCC_ClockSecuritySystemCmd               0x08000849   Thumb Code     6  stm32f10x_rcc.o(.text)
    RCC_MCOConfig                            0x0800084f   Thumb Code     6  stm32f10x_rcc.o(.text)
    RCC_ClearFlag                            0x08000855   Thumb Code    14  stm32f10x_rcc.o(.text)
    RCC_GetITStatus                          0x08000863   Thumb Code    20  stm32f10x_rcc.o(.text)
    RCC_ClearITPendingBit                    0x08000877   Thumb Code     6  stm32f10x_rcc.o(.text)
    SPI_I2S_DeInit                           0x080008a9   Thumb Code    88  stm32f10x_spi.o(.text)
    SPI_Init                                 0x08000901   Thumb Code    60  stm32f10x_spi.o(.text)
    I2S_Init                                 0x0800093d   Thumb Code   210  stm32f10x_spi.o(.text)
    SPI_StructInit                           0x08000a0f   Thumb Code    24  stm32f10x_spi.o(.text)
    I2S_StructInit                           0x08000a27   Thumb Code    20  stm32f10x_spi.o(.text)
    SPI_Cmd                                  0x08000a3b   Thumb Code    24  stm32f10x_spi.o(.text)
    I2S_Cmd                                  0x08000a53   Thumb Code    24  stm32f10x_spi.o(.text)
    SPI_I2S_ITConfig                         0x08000a6b   Thumb Code    32  stm32f10x_spi.o(.text)
    SPI_I2S_DMACmd                           0x08000a8b   Thumb Code    18  stm32f10x_spi.o(.text)
    SPI_I2S_SendData                         0x08000a9d   Thumb Code     4  stm32f10x_spi.o(.text)
    SPI_I2S_ReceiveData                      0x08000aa1   Thumb Code     6  stm32f10x_spi.o(.text)
    SPI_NSSInternalSoftwareConfig            0x08000aa7   Thumb Code    30  stm32f10x_spi.o(.text)
    SPI_SSOutputCmd                          0x08000ac5   Thumb Code    24  stm32f10x_spi.o(.text)
    SPI_DataSizeConfig                       0x08000add   Thumb Code    18  stm32f10x_spi.o(.text)
    SPI_TransmitCRC                          0x08000aef   Thumb Code    10  stm32f10x_spi.o(.text)
    SPI_CalculateCRC                         0x08000af9   Thumb Code    24  stm32f10x_spi.o(.text)
    SPI_GetCRC                               0x08000b11   Thumb Code    16  stm32f10x_spi.o(.text)
    SPI_GetCRCPolynomial                     0x08000b21   Thumb Code     6  stm32f10x_spi.o(.text)
    SPI_BiDirectionalLineConfig              0x08000b27   Thumb Code    28  stm32f10x_spi.o(.text)
    SPI_I2S_GetFlagStatus                    0x08000b43   Thumb Code    18  stm32f10x_spi.o(.text)
    SPI_I2S_ClearFlag                        0x08000b55   Thumb Code     6  stm32f10x_spi.o(.text)
    SPI_I2S_GetITStatus                      0x08000b5b   Thumb Code    52  stm32f10x_spi.o(.text)
    SPI_I2S_ClearITPendingBit                0x08000b8f   Thumb Code    20  stm32f10x_spi.o(.text)
    TIM_DeInit                               0x08000ba9   Thumb Code   214  stm32f10x_tim.o(.text)
    TIM_TimeBaseInit                         0x08000c7f   Thumb Code    50  stm32f10x_tim.o(.text)
    TIM_OC1Init                              0x08000cb1   Thumb Code   110  stm32f10x_tim.o(.text)
    TIM_OC2Init                              0x08000d1f   Thumb Code   148  stm32f10x_tim.o(.text)
    TIM_OC3Init                              0x08000db3   Thumb Code   144  stm32f10x_tim.o(.text)
    TIM_OC4Init                              0x08000e43   Thumb Code   106  stm32f10x_tim.o(.text)
    TIM_SetIC4Prescaler                      0x08000ead   Thumb Code    26  stm32f10x_tim.o(.text)
    TIM_SetIC3Prescaler                      0x08000f19   Thumb Code    18  stm32f10x_tim.o(.text)
    TIM_SetIC2Prescaler                      0x08000f73   Thumb Code    42  stm32f10x_tim.o(.text)
    TIM_SetIC1Prescaler                      0x08000fed   Thumb Code    18  stm32f10x_tim.o(.text)
    TIM_ICInit                               0x08001037   Thumb Code   110  stm32f10x_tim.o(.text)
    TIM_PWMIConfig                           0x080010a5   Thumb Code   124  stm32f10x_tim.o(.text)
    TIM_BDTRConfig                           0x08001121   Thumb Code    32  stm32f10x_tim.o(.text)
    TIM_TimeBaseStructInit                   0x08001141   Thumb Code    18  stm32f10x_tim.o(.text)
    TIM_OCStructInit                         0x08001153   Thumb Code    20  stm32f10x_tim.o(.text)
    TIM_ICStructInit                         0x08001167   Thumb Code    18  stm32f10x_tim.o(.text)
    TIM_BDTRStructInit                       0x08001179   Thumb Code    18  stm32f10x_tim.o(.text)
    TIM_Cmd                                  0x0800118b   Thumb Code    24  stm32f10x_tim.o(.text)
    TIM_CtrlPWMOutputs                       0x080011a3   Thumb Code    30  stm32f10x_tim.o(.text)
    TIM_ITConfig                             0x080011c1   Thumb Code    18  stm32f10x_tim.o(.text)
    TIM_GenerateEvent                        0x080011d3   Thumb Code     4  stm32f10x_tim.o(.text)
    TIM_DMAConfig                            0x080011d7   Thumb Code    10  stm32f10x_tim.o(.text)
    TIM_DMACmd                               0x080011e1   Thumb Code    18  stm32f10x_tim.o(.text)
    TIM_InternalClockConfig                  0x080011f3   Thumb Code    12  stm32f10x_tim.o(.text)
    TIM_SelectInputTrigger                   0x080011ff   Thumb Code    18  stm32f10x_tim.o(.text)
    TIM_ITRxExternalClockConfig              0x08001211   Thumb Code    24  stm32f10x_tim.o(.text)
    TIM_TIxExternalClockConfig               0x08001229   Thumb Code    62  stm32f10x_tim.o(.text)
    TIM_ETRConfig                            0x08001267   Thumb Code    30  stm32f10x_tim.o(.text)
    TIM_ETRClockMode1Config                  0x08001285   Thumb Code    54  stm32f10x_tim.o(.text)
    TIM_ETRClockMode2Config                  0x080012bb   Thumb Code    32  stm32f10x_tim.o(.text)
    TIM_PrescalerConfig                      0x080012db   Thumb Code     6  stm32f10x_tim.o(.text)
    TIM_CounterModeConfig                    0x080012e1   Thumb Code    18  stm32f10x_tim.o(.text)
    TIM_EncoderInterfaceConfig               0x080012f3   Thumb Code    66  stm32f10x_tim.o(.text)
    TIM_ForcedOC1Config                      0x08001335   Thumb Code    18  stm32f10x_tim.o(.text)
    TIM_ForcedOC2Config                      0x08001347   Thumb Code    26  stm32f10x_tim.o(.text)
    TIM_ForcedOC3Config                      0x08001361   Thumb Code    18  stm32f10x_tim.o(.text)
    TIM_ForcedOC4Config                      0x08001373   Thumb Code    26  stm32f10x_tim.o(.text)
    TIM_ARRPreloadConfig                     0x0800138d   Thumb Code    24  stm32f10x_tim.o(.text)
    TIM_SelectCOM                            0x080013a5   Thumb Code    24  stm32f10x_tim.o(.text)
    TIM_SelectCCDMA                          0x080013bd   Thumb Code    24  stm32f10x_tim.o(.text)
    TIM_CCPreloadControl                     0x080013d5   Thumb Code    24  stm32f10x_tim.o(.text)
    TIM_OC1PreloadConfig                     0x080013ed   Thumb Code    18  stm32f10x_tim.o(.text)
    TIM_OC2PreloadConfig                     0x080013ff   Thumb Code    26  stm32f10x_tim.o(.text)
    TIM_OC3PreloadConfig                     0x08001419   Thumb Code    18  stm32f10x_tim.o(.text)
    TIM_OC4PreloadConfig                     0x0800142b   Thumb Code    26  stm32f10x_tim.o(.text)
    TIM_OC1FastConfig                        0x08001445   Thumb Code    18  stm32f10x_tim.o(.text)
    TIM_OC2FastConfig                        0x08001457   Thumb Code    26  stm32f10x_tim.o(.text)
    TIM_OC3FastConfig                        0x08001471   Thumb Code    18  stm32f10x_tim.o(.text)
    TIM_OC4FastConfig                        0x08001483   Thumb Code    26  stm32f10x_tim.o(.text)
    TIM_ClearOC1Ref                          0x0800149d   Thumb Code    18  stm32f10x_tim.o(.text)
    TIM_ClearOC2Ref                          0x080014af   Thumb Code    24  stm32f10x_tim.o(.text)
    TIM_ClearOC3Ref                          0x080014c7   Thumb Code    18  stm32f10x_tim.o(.text)
    TIM_ClearOC4Ref                          0x080014d9   Thumb Code    24  stm32f10x_tim.o(.text)
    TIM_OC1PolarityConfig                    0x080014f1   Thumb Code    18  stm32f10x_tim.o(.text)
    TIM_OC1NPolarityConfig                   0x08001503   Thumb Code    18  stm32f10x_tim.o(.text)
    TIM_OC2PolarityConfig                    0x08001515   Thumb Code    26  stm32f10x_tim.o(.text)
    TIM_OC2NPolarityConfig                   0x0800152f   Thumb Code    26  stm32f10x_tim.o(.text)
    TIM_OC3PolarityConfig                    0x08001549   Thumb Code    26  stm32f10x_tim.o(.text)
    TIM_OC3NPolarityConfig                   0x08001563   Thumb Code    26  stm32f10x_tim.o(.text)
    TIM_OC4PolarityConfig                    0x0800157d   Thumb Code    26  stm32f10x_tim.o(.text)
    TIM_CCxCmd                               0x08001597   Thumb Code    26  stm32f10x_tim.o(.text)
    TIM_CCxNCmd                              0x080015b1   Thumb Code    26  stm32f10x_tim.o(.text)
    TIM_SelectOCxM                           0x080015cb   Thumb Code   134  stm32f10x_tim.o(.text)
    TIM_UpdateDisableConfig                  0x08001651   Thumb Code    24  stm32f10x_tim.o(.text)
    TIM_UpdateRequestConfig                  0x08001669   Thumb Code    24  stm32f10x_tim.o(.text)
    TIM_SelectHallSensor                     0x08001681   Thumb Code    24  stm32f10x_tim.o(.text)
    TIM_SelectOnePulseMode                   0x08001699   Thumb Code    18  stm32f10x_tim.o(.text)
    TIM_SelectOutputTrigger                  0x080016ab   Thumb Code    18  stm32f10x_tim.o(.text)
    TIM_SelectSlaveMode                      0x080016bd   Thumb Code    18  stm32f10x_tim.o(.text)
    TIM_SelectMasterSlaveMode                0x080016cf   Thumb Code    18  stm32f10x_tim.o(.text)
    TIM_SetCounter                           0x080016e1   Thumb Code     4  stm32f10x_tim.o(.text)
    TIM_SetAutoreload                        0x080016e5   Thumb Code     4  stm32f10x_tim.o(.text)
    TIM_SetCompare1                          0x080016e9   Thumb Code     4  stm32f10x_tim.o(.text)
    TIM_SetCompare2                          0x080016ed   Thumb Code     4  stm32f10x_tim.o(.text)
    TIM_SetCompare3                          0x080016f1   Thumb Code     4  stm32f10x_tim.o(.text)
    TIM_SetCompare4                          0x080016f5   Thumb Code     6  stm32f10x_tim.o(.text)
    TIM_SetClockDivision                     0x080016fb   Thumb Code    14  stm32f10x_tim.o(.text)
    TIM_GetCapture1                          0x08001709   Thumb Code     6  stm32f10x_tim.o(.text)
    TIM_GetCapture2                          0x0800170f   Thumb Code     6  stm32f10x_tim.o(.text)
    TIM_GetCapture3                          0x08001715   Thumb Code     6  stm32f10x_tim.o(.text)
    TIM_GetCapture4                          0x0800171b   Thumb Code     8  stm32f10x_tim.o(.text)
    TIM_GetCounter                           0x08001723   Thumb Code     6  stm32f10x_tim.o(.text)
    TIM_GetPrescaler                         0x08001729   Thumb Code     6  stm32f10x_tim.o(.text)
    TIM_GetFlagStatus                        0x0800172f   Thumb Code    18  stm32f10x_tim.o(.text)
    TIM_ClearFlag                            0x08001741   Thumb Code     6  stm32f10x_tim.o(.text)
    TIM_GetITStatus                          0x08001747   Thumb Code    34  stm32f10x_tim.o(.text)
    TIM_ClearITPendingBit                    0x08001769   Thumb Code     6  stm32f10x_tim.o(.text)
    USART_DeInit                             0x08001771   Thumb Code   146  stm32f10x_usart.o(.text)
    USART_Init                               0x08001803   Thumb Code   150  stm32f10x_usart.o(.text)
    USART_StructInit                         0x08001899   Thumb Code    24  stm32f10x_usart.o(.text)
    USART_ClockInit                          0x080018b1   Thumb Code    34  stm32f10x_usart.o(.text)
    USART_ClockStructInit                    0x080018d3   Thumb Code    12  stm32f10x_usart.o(.text)
    USART_Cmd                                0x080018df   Thumb Code    24  stm32f10x_usart.o(.text)
    USART_ITConfig                           0x080018f7   Thumb Code    64  stm32f10x_usart.o(.text)
    USART_DMACmd                             0x08001937   Thumb Code    18  stm32f10x_usart.o(.text)
    USART_SetAddress                         0x08001949   Thumb Code    18  stm32f10x_usart.o(.text)
    USART_WakeUpConfig                       0x0800195b   Thumb Code    18  stm32f10x_usart.o(.text)
    USART_ReceiverWakeUpCmd                  0x0800196d   Thumb Code    24  stm32f10x_usart.o(.text)
    USART_LINBreakDetectLengthConfig         0x08001985   Thumb Code    18  stm32f10x_usart.o(.text)
    USART_LINCmd                             0x08001997   Thumb Code    24  stm32f10x_usart.o(.text)
    USART_SendData                           0x080019af   Thumb Code     8  stm32f10x_usart.o(.text)
    USART_ReceiveData                        0x080019b7   Thumb Code    10  stm32f10x_usart.o(.text)
    USART_SendBreak                          0x080019c1   Thumb Code    10  stm32f10x_usart.o(.text)
    USART_SetGuardTime                       0x080019cb   Thumb Code    16  stm32f10x_usart.o(.text)
    USART_SetPrescaler                       0x080019db   Thumb Code    16  stm32f10x_usart.o(.text)
    USART_SmartCardCmd                       0x080019eb   Thumb Code    24  stm32f10x_usart.o(.text)
    USART_SmartCardNACKCmd                   0x08001a03   Thumb Code    24  stm32f10x_usart.o(.text)
    USART_HalfDuplexCmd                      0x08001a1b   Thumb Code    24  stm32f10x_usart.o(.text)
    USART_IrDAConfig                         0x08001a33   Thumb Code    18  stm32f10x_usart.o(.text)
    USART_IrDACmd                            0x08001a45   Thumb Code    24  stm32f10x_usart.o(.text)
    USART_GetFlagStatus                      0x08001a5d   Thumb Code    18  stm32f10x_usart.o(.text)
    USART_ClearFlag                          0x08001a6f   Thumb Code     6  stm32f10x_usart.o(.text)
    USART_GetITStatus                        0x08001a75   Thumb Code    76  stm32f10x_usart.o(.text)
    USART_ClearITPendingBit                  0x08001ac1   Thumb Code    20  stm32f10x_usart.o(.text)
    Reset_Handler                            0x08001ae1   Thumb Code     4  startup_stm32f10x_md.o(.text)
    ADC1_2_IRQHandler                        0x08001af7   Thumb Code     0  startup_stm32f10x_md.o(.text)
    CAN1_RX1_IRQHandler                      0x08001af7   Thumb Code     0  startup_stm32f10x_md.o(.text)
    CAN1_SCE_IRQHandler                      0x08001af7   Thumb Code     0  startup_stm32f10x_md.o(.text)
    DMA1_Channel1_IRQHandler                 0x08001af7   Thumb Code     0  startup_stm32f10x_md.o(.text)
    DMA1_Channel2_IRQHandler                 0x08001af7   Thumb Code     0  startup_stm32f10x_md.o(.text)
    DMA1_Channel3_IRQHandler                 0x08001af7   Thumb Code     0  startup_stm32f10x_md.o(.text)
    DMA1_Channel4_IRQHandler                 0x08001af7   Thumb Code     0  startup_stm32f10x_md.o(.text)
    DMA1_Channel5_IRQHandler                 0x08001af7   Thumb Code     0  startup_stm32f10x_md.o(.text)
    DMA1_Channel6_IRQHandler                 0x08001af7   Thumb Code     0  startup_stm32f10x_md.o(.text)
    DMA1_Channel7_IRQHandler                 0x08001af7   Thumb Code     0  startup_stm32f10x_md.o(.text)
    EXTI0_IRQHandler                         0x08001af7   Thumb Code     0  startup_stm32f10x_md.o(.text)
    EXTI15_10_IRQHandler                     0x08001af7   Thumb Code     0  startup_stm32f10x_md.o(.text)
    EXTI1_IRQHandler                         0x08001af7   Thumb Code     0  startup_stm32f10x_md.o(.text)
    EXTI2_IRQHandler                         0x08001af7   Thumb Code     0  startup_stm32f10x_md.o(.text)
    EXTI3_IRQHandler                         0x08001af7   Thumb Code     0  startup_stm32f10x_md.o(.text)
    EXTI4_IRQHandler                         0x08001af7   Thumb Code     0  startup_stm32f10x_md.o(.text)
    EXTI9_5_IRQHandler                       0x08001af7   Thumb Code     0  startup_stm32f10x_md.o(.text)
    FLASH_IRQHandler                         0x08001af7   Thumb Code     0  startup_stm32f10x_md.o(.text)
    I2C1_ER_IRQHandler                       0x08001af7   Thumb Code     0  startup_stm32f10x_md.o(.text)
    I2C1_EV_IRQHandler                       0x08001af7   Thumb Code     0  startup_stm32f10x_md.o(.text)
    I2C2_ER_IRQHandler                       0x08001af7   Thumb Code     0  startup_stm32f10x_md.o(.text)
    I2C2_EV_IRQHandler                       0x08001af7   Thumb Code     0  startup_stm32f10x_md.o(.text)
    PVD_IRQHandler                           0x08001af7   Thumb Code     0  startup_stm32f10x_md.o(.text)
    RCC_IRQHandler                           0x08001af7   Thumb Code     0  startup_stm32f10x_md.o(.text)
    RTCAlarm_IRQHandler                      0x08001af7   Thumb Code     0  startup_stm32f10x_md.o(.text)
    RTC_IRQHandler                           0x08001af7   Thumb Code     0  startup_stm32f10x_md.o(.text)
    SPI1_IRQHandler                          0x08001af7   Thumb Code     0  startup_stm32f10x_md.o(.text)
    SPI2_IRQHandler                          0x08001af7   Thumb Code     0  startup_stm32f10x_md.o(.text)
    TAMPER_IRQHandler                        0x08001af7   Thumb Code     0  startup_stm32f10x_md.o(.text)
    TIM1_BRK_IRQHandler                      0x08001af7   Thumb Code     0  startup_stm32f10x_md.o(.text)
    TIM1_CC_IRQHandler                       0x08001af7   Thumb Code     0  startup_stm32f10x_md.o(.text)
    TIM1_TRG_COM_IRQHandler                  0x08001af7   Thumb Code     0  startup_stm32f10x_md.o(.text)
    TIM1_UP_IRQHandler                       0x08001af7   Thumb Code     0  startup_stm32f10x_md.o(.text)
    TIM3_IRQHandler                          0x08001af7   Thumb Code     0  startup_stm32f10x_md.o(.text)
    TIM4_IRQHandler                          0x08001af7   Thumb Code     0  startup_stm32f10x_md.o(.text)
    USART2_IRQHandler                        0x08001af7   Thumb Code     0  startup_stm32f10x_md.o(.text)
    USART3_IRQHandler                        0x08001af7   Thumb Code     0  startup_stm32f10x_md.o(.text)
    USBWakeUp_IRQHandler                     0x08001af7   Thumb Code     0  startup_stm32f10x_md.o(.text)
    USB_HP_CAN1_TX_IRQHandler                0x08001af7   Thumb Code     0  startup_stm32f10x_md.o(.text)
    USB_LP_CAN1_RX0_IRQHandler               0x08001af7   Thumb Code     0  startup_stm32f10x_md.o(.text)
    WWDG_IRQHandler                          0x08001af7   Thumb Code     0  startup_stm32f10x_md.o(.text)
    Key_Delay                                0x08001afd   Thumb Code    16  main.o(.text)
    Time_Delay                               0x08001b0d   Thumb Code    26  main.o(.text)
    fputc                                    0x08001b27   Thumb Code    36  main.o(.text)
    USART1_IRQHandler                        0x08001b4b   Thumb Code    72  main.o(.text)
    main                                     0x08001b93   Thumb Code   112  main.o(.text)
    NMI_Handler                              0x08001c1d   Thumb Code     2  stm32f10x_it.o(.text)
    HardFault_Handler                        0x08001c1f   Thumb Code     4  stm32f10x_it.o(.text)
    MemManage_Handler                        0x08001c23   Thumb Code     4  stm32f10x_it.o(.text)
    BusFault_Handler                         0x08001c27   Thumb Code     4  stm32f10x_it.o(.text)
    UsageFault_Handler                       0x08001c2b   Thumb Code     4  stm32f10x_it.o(.text)
    SVC_Handler                              0x08001c2f   Thumb Code     2  stm32f10x_it.o(.text)
    DebugMon_Handler                         0x08001c31   Thumb Code     2  stm32f10x_it.o(.text)
    PendSV_Handler                           0x08001c33   Thumb Code     2  stm32f10x_it.o(.text)
    SysTick_Handler                          0x08001c35   Thumb Code    58  stm32f10x_it.o(.text)
    TIM2_IRQHandler                          0x08001c6f   Thumb Code   128  stm32f10x_it.o(.text)
    GPIO_Configuration                       0x08001d0d   Thumb Code   246  bsp_config.o(.text)
    RCC_Configuration                        0x08001e03   Thumb Code    28  bsp_config.o(.text)
    NVIC_Configuration                       0x08001e1f   Thumb Code    78  bsp_config.o(.text)
    USART_Configuration                      0x08001e6d   Thumb Code    62  bsp_config.o(.text)
    TIM2_Config                              0x08001eab   Thumb Code   148  bsp_config.o(.text)
    SPI1_Init                                0x08001f3f   Thumb Code   140  bsp_config.o(.text)
    SPI2_Init                                0x08001fcb   Thumb Code   160  bsp_config.o(.text)
    SysTick_init                             0x0800206b   Thumb Code    84  bsp_config.o(.text)
    delay_ms                                 0x080020bf   Thumb Code    24  bsp_config.o(.text)
    TimingDelay_Decrement                    0x080020d7   Thumb Code    18  bsp_config.o(.text)
    SPI1_ReadWriteByte                       0x080020e9   Thumb Code   114  bsp_config.o(.text)
    SPI2_ReadWriteByte                       0x0800215b   Thumb Code    70  bsp_config.o(.text)
    __scatterload                            0x080021a9   Thumb Code    28  init.o(.text)
    __scatterload_rt2                        0x080021a9   Thumb Code     0  init.o(.text)
    __scatterload_copy                       0x080021cd   Thumb Code    14  handlers.o(i.__scatterload_copy)
    __scatterload_null                       0x080021db   Thumb Code     2  handlers.o(i.__scatterload_null)
    __scatterload_zeroinit                   0x080021dd   Thumb Code    14  handlers.o(i.__scatterload_zeroinit)
    SystemFrequency                          0x080021ec   Data           4  system_stm32f10x.o(.constdata)
    SystemFrequency_SysClk                   0x080021f0   Data           4  system_stm32f10x.o(.constdata)
    SystemFrequency_AHBClk                   0x080021f4   Data           4  system_stm32f10x.o(.constdata)
    SystemFrequency_APB1Clk                  0x080021f8   Data           4  system_stm32f10x.o(.constdata)
    SystemFrequency_APB2Clk                  0x080021fc   Data           4  system_stm32f10x.o(.constdata)
    Region$$Table$$Base                      0x08002200   Number         0  anon$$obj.o(Region$$Table)
    Region$$Table$$Limit                     0x08002220   Number         0  anon$$obj.o(Region$$Table)
    Num_RXD                                  0x20000014   Data           4  main.o(.data)
    TxBuffer                                 0x20000018   Data          64  main.o(.data)
    Key0                                     0x20000058   Data           1  main.o(.data)
    Key0_Value                               0x20000059   Data           1  main.o(.data)
    Key0_State                               0x2000005a   Data           1  main.o(.data)
    LED0_State                               0x2000005b   Data           1  main.o(.data)
    flag                                     0x2000005c   Data           4  main.o(.data)
    count                                    0x20000060   Data           1  main.o(.data)
    P_RXD                                    0x20000064   Data           4  main.o(.data)
    t                                        0x20000068   Data           1  main.o(.data)
    JG                                       0x20000069   Data           1  main.o(.data)
    Time_delay                               0x2000006c   Data           4  stm32f10x_it.o(.data)
    capture                                  0x20000070   Data           2  stm32f10x_it.o(.data)
    CCR1_Val                                 0x20000074   Data           2  bsp_config.o(.data)
    CCR2_Val                                 0x20000076   Data           2  bsp_config.o(.data)
    ch                                       0x2000007c   Data          16  main.o(.bss)
    RxBuffer                                 0x2000008c   Data          64  main.o(.bss)
    __initial_sp                             0x200004d0   Data           0  startup_stm32f10x_md.o(STACK)



==============================================================================

Memory Map of the image

  Image Entry point : 0x080000ed

  Load Region LR_IROM1 (Base: 0x08000000, Size: 0x0000229c, Max: 0x00010000, ABSOLUTE)

    Execution Region ER_IROM1 (Base: 0x08000000, Size: 0x00002220, Max: 0x00010000, ABSOLUTE)

    Base Addr    Size         Type   Attr      Idx    E Section Name        Object

    0x08000000   0x000000ec   Data   RO          375    RESET               startup_stm32f10x_md.o
    0x080000ec   0x00000000   Code   RO          532  * .ARM.Collect$$$$00000000  mc_w.l(entry.o)
    0x080000ec   0x00000004   Code   RO          535    .ARM.Collect$$$$00000001  mc_w.l(entry2.o)
    0x080000f0   0x00000004   Code   RO          538    .ARM.Collect$$$$00000004  mc_w.l(entry5.o)
    0x080000f4   0x00000000   Code   RO          540    .ARM.Collect$$$$00000008  mc_w.l(entry7b.o)
    0x080000f4   0x00000000   Code   RO          542    .ARM.Collect$$$$0000000A  mc_w.l(entry8b.o)
    0x080000f4   0x00000008   Code   RO          543    .ARM.Collect$$$$0000000B  mc_w.l(entry9a.o)
    0x080000fc   0x00000000   Code   RO          545    .ARM.Collect$$$$0000000D  mc_w.l(entry10a.o)
    0x080000fc   0x00000000   Code   RO          547    .ARM.Collect$$$$0000000F  mc_w.l(entry11a.o)
    0x080000fc   0x00000004   Code   RO          536    .ARM.Collect$$$$00002712  mc_w.l(entry2.o)
    0x08000100   0x000000dc   Code   RO            1    .text               misc.o
    0x080001dc   0x0000032c   Code   RO           77    .text               stm32f10x_gpio.o
    0x08000508   0x000003a0   Code   RO          134    .text               stm32f10x_rcc.o
    0x080008a8   0x00000300   Code   RO          178    .text               stm32f10x_spi.o
    0x08000ba8   0x00000bc6   Code   RO          190    .text               stm32f10x_tim.o
    0x0800176e   0x00000002   PAD
    0x08001770   0x00000370   Code   RO          202    .text               stm32f10x_usart.o
    0x08001ae0   0x0000001c   Code   RO          376    .text               startup_stm32f10x_md.o
    0x08001afc   0x00000120   Code   RO          409    .text               main.o
    0x08001c1c   0x000000f0   Code   RO          425    .text               stm32f10x_it.o
    0x08001d0c   0x0000049c   Code   RO          444    .text               bsp_config.o
    0x080021a8   0x00000024   Code   RO          549    .text               mc_w.l(init.o)
    0x080021cc   0x0000000e   Code   RO          553    i.__scatterload_copy  mc_w.l(handlers.o)
    0x080021da   0x00000002   Code   RO          554    i.__scatterload_null  mc_w.l(handlers.o)
    0x080021dc   0x0000000e   Code   RO          555    i.__scatterload_zeroinit  mc_w.l(handlers.o)
    0x080021ea   0x00000002   PAD
    0x080021ec   0x00000014   Data   RO          392    .constdata          system_stm32f10x.o
    0x08002200   0x00000020   Data   RO          551    Region$$Table       anon$$obj.o


    Execution Region RW_IRAM1 (Base: 0x20000000, Size: 0x000004d0, Max: 0x00005000, ABSOLUTE)

    Base Addr    Size         Type   Attr      Idx    E Section Name        Object

    0x20000000   0x00000014   Data   RW          135    .data               stm32f10x_rcc.o
    0x20000014   0x00000056   Data   RW          411    .data               main.o
    0x2000006a   0x00000002   PAD
    0x2000006c   0x00000006   Data   RW          426    .data               stm32f10x_it.o
    0x20000072   0x00000002   PAD
    0x20000074   0x00000008   Data   RW          445    .data               bsp_config.o
    0x2000007c   0x00000050   Zero   RW          410    .bss                main.o
    0x200000cc   0x00000004   PAD
    0x200000d0   0x00000400   Zero   RW          373    STACK               startup_stm32f10x_md.o


==============================================================================

Image component sizes


      Code (inc. data)   RO Data    RW Data    ZI Data      Debug   Object Name

      1180         56          0          8          0       7764   bsp_config.o
       288         26          0         86         80       2107   main.o
       220         20          0          0          0     259265   misc.o
        28          4        236          0       1024        832   startup_stm32f10x_md.o
       812         18          0          0          0       5175   stm32f10x_gpio.o
       240         30          0          6          0       1675   stm32f10x_it.o
       928         44          0         20          0       8792   stm32f10x_rcc.o
       768          6          0          0          0       6322   stm32f10x_spi.o
      3014         16          0          0          0      23884   stm32f10x_tim.o
       880         12          0          0          0       7795   stm32f10x_usart.o
         0          0         20          0          0        808   system_stm32f10x.o

    ----------------------------------------------------------------------
      8360        232        288        124       1108     324419   Object Totals
         0          0         32          0          0          0   (incl. Generated)
         2          0          0          4          4          0   (incl. Padding)

    ----------------------------------------------------------------------

      Code (inc. data)   RO Data    RW Data    ZI Data      Debug   Library Member Name

         0          0          0          0          0          0   entry.o
         0          0          0          0          0          0   entry10a.o
         0          0          0          0          0          0   entry11a.o
         8          4          0          0          0          0   entry2.o
         4          0          0          0          0          0   entry5.o
         0          0          0          0          0          0   entry7b.o
         0          0          0          0          0          0   entry8b.o
         8          4          0          0          0          0   entry9a.o
        30          0          0          0          0          0   handlers.o
        36          8          0          0          0         68   init.o

    ----------------------------------------------------------------------
        88         16          0          0          0         68   Library Totals
         2          0          0          0          0          0   (incl. Padding)

    ----------------------------------------------------------------------

      Code (inc. data)   RO Data    RW Data    ZI Data      Debug   Library Name

        86         16          0          0          0         68   mc_w.l

    ----------------------------------------------------------------------
        88         16          0          0          0         68   Library Totals

    ----------------------------------------------------------------------

==============================================================================


      Code (inc. data)   RO Data    RW Data    ZI Data      Debug   

      8448        248        288        124       1108     323343   Grand Totals
      8448        248        288        124       1108     323343   ELF Image Totals
      8448        248        288        124          0          0   ROM Totals

==============================================================================

    Total RO  Size (Code + RO Data)                 8736 (   8.53kB)
    Total RW  Size (RW Data + ZI Data)              1232 (   1.20kB)
    Total ROM Size (Code + RO Data + RW Data)       8860 (   8.65kB)

==============================================================================

