<html>
<body>
<pre>
<h1>µVision Build Log</h1>
<h2>Project:</h2>
E:\stm32_learn\example\STM32_OLED(C8T6)\MDK-Proj\STM32_OLED.uvproj
Project File Date:  11/29/2018

<h2>Output:</h2>
Build target 'STM32_OLED'
compiling main.c...
linking...
Program Size: Code=9932 RO-data=288 RW-data=128 ZI-data=1104  
FromELF: creating hex file...
".\STM32_OLED.axf" - 0 Errors, 0 Warning(s).
Build target 'STM32_OLED'
compiling main.c...
linking...
Program Size: Code=9968 RO-data=288 RW-data=128 ZI-data=1104  
FromELF: creating hex file...
".\STM32_OLED.axf" - 0 Errors, 0 Warning(s).
Build target 'STM32_OLED'
compiling main.c...
linking...
Program Size: Code=9968 RO-data=288 RW-data=128 ZI-data=1104  
FromELF: creating hex file...
".\STM32_OLED.axf" - 0 Errors, 0 Warning(s).
Build target 'STM32_OLED'
compiling main.c...
..\APP\main.c(140): error:  #77-D: this declaration has no storage class or type specifier
..\APP\main.c(141): error:  #7: unrecognized token
..\APP\main.c(141): error:  #29: expected an expression
..\APP\main.c(142): error:  #7: unrecognized token
..\APP\main.c(142): error:  #29: expected an expression
..\APP\main.c(143): error:  #7: unrecognized token
..\APP\main.c(143): error:  #29: expected an expression
..\APP\main.c(144): error:  #7: unrecognized token
..\APP\main.c(144): error:  #29: expected an expression
..\APP\main.c(145): error:  #7: unrecognized token
..\APP\main.c(145): error:  #29: expected an expression
..\APP\main.c(146): error:  #7: unrecognized token
..\APP\main.c(146): error:  #29: expected an expression
..\APP\main.c(147): error:  #7: unrecognized token
..\APP\main.c(147): error:  #29: expected an expression
..\APP\main.c(148): error:  #7: unrecognized token
..\APP\main.c(148): error:  #29: expected an expression
..\APP\main.c(149): error:  #7: unrecognized token
..\APP\main.c(149): error:  #29: expected an expression
".\STM32_OLED.axf" - 19 Errors, 0 Warning(s).
Target not created
Build target 'STM32_OLED'
compiling main.c...
..\APP\main.c(140): error:  #77-D: this declaration has no storage class or type specifier
".\STM32_OLED.axf" - 1 Errors, 0 Warning(s).
Target not created
Build target 'STM32_OLED'
compiling main.c...
linking...
Program Size: Code=9968 RO-data=288 RW-data=168 ZI-data=1104  
FromELF: creating hex file...
".\STM32_OLED.axf" - 0 Errors, 0 Warning(s).
Build target 'STM32_OLED'
compiling main.c...
linking...
Program Size: Code=9972 RO-data=288 RW-data=168 ZI-data=1104  
FromELF: creating hex file...
".\STM32_OLED.axf" - 0 Errors, 0 Warning(s).
Build target 'STM32_OLED'
compiling main.c...
linking...
Program Size: Code=9968 RO-data=288 RW-data=168 ZI-data=1104  
FromELF: creating hex file...
".\STM32_OLED.axf" - 0 Errors, 0 Warning(s).
Build target 'STM32_OLED'
compiling main.c...
..\APP\main.c(186): error:  #65: expected a ";"
..\APP\main.c(314): warning:  #12-D: parsing restarts here after previous syntax error
..\APP\main.c(160): warning:  #550-D: variable "ID" was set but never used
".\STM32_OLED.axf" - 1 Errors, 2 Warning(s).
Target not created
Build target 'STM32_OLED'
compiling main.c...
linking...
Program Size: Code=9968 RO-data=288 RW-data=168 ZI-data=1104  
FromELF: creating hex file...
".\STM32_OLED.axf" - 0 Errors, 0 Warning(s).
Build target 'STM32_OLED'
compiling main.c...
linking...
Program Size: Code=9968 RO-data=288 RW-data=168 ZI-data=1104  
FromELF: creating hex file...
".\STM32_OLED.axf" - 0 Errors, 0 Warning(s).
