ARM Linker, 5.03 [Build 76] [MDK-ARM Standard]

==============================================================================

Section Cross References

    stm32f10x_gpio.o(.text) refers to stm32f10x_rcc.o(.text) for RCC_APB2PeriphResetCmd
    stm32f10x_i2c.o(.text) refers to stm32f10x_rcc.o(.text) for RCC_APB1PeriphResetCmd
    stm32f10x_pwr.o(.text) refers to stm32f10x_rcc.o(.text) for RCC_APB1PeriphResetCmd
    stm32f10x_rcc.o(.text) refers to stm32f10x_rcc.o(.data) for APBAHBPrescTable
    stm32f10x_spi.o(.text) refers to stm32f10x_rcc.o(.text) for RCC_APB2PeriphResetCmd
    stm32f10x_tim.o(.text) refers to stm32f10x_rcc.o(.text) for RCC_APB2PeriphResetCmd
    stm32f10x_usart.o(.text) refers to stm32f10x_rcc.o(.text) for RCC_APB2PeriphResetCmd
    stm32f10x_wwdg.o(.text) refers to stm32f10x_rcc.o(.text) for RCC_APB1PeriphResetCmd
    stm32f10x_adc.o(.text) refers to stm32f10x_rcc.o(.text) for RCC_APB2PeriphResetCmd
    stm32f10x_bkp.o(.text) refers to stm32f10x_rcc.o(.text) for RCC_BackupResetCmd
    stm32f10x_can.o(.text) refers to stm32f10x_rcc.o(.text) for RCC_APB1PeriphResetCmd
    stm32f10x_dac.o(.text) refers to stm32f10x_rcc.o(.text) for RCC_APB1PeriphResetCmd
    startup_stm32f10x_md.o(RESET) refers to startup_stm32f10x_md.o(STACK) for __initial_sp
    startup_stm32f10x_md.o(RESET) refers to startup_stm32f10x_md.o(.text) for Reset_Handler
    startup_stm32f10x_md.o(RESET) refers to stm32f10x_it.o(.text) for NMI_Handler
    startup_stm32f10x_md.o(RESET) refers to main.o(.text) for USART1_IRQHandler
    startup_stm32f10x_md.o(.text) refers to entry.o(.ARM.Collect$$$$00000000) for __main
    main.o(.text) refers to stm32f10x_usart.o(.text) for USART_SendData
    main.o(.text) refers to system_stm32f10x.o(.text) for SystemInit
    main.o(.text) refers to bsp_config.o(.text) for RCC_Configuration
    main.o(.text) refers to oled.o(.text) for OLED_Init
    main.o(.text) refers to eeprom.o(.text) for I2CWriteByte
    main.o(.text) refers to send_data.o(.text) for Compare_Mem
    main.o(.text) refers to stm32f10x_gpio.o(.text) for GPIO_ResetBits
    main.o(.text) refers to main.o(.data) for count
    main.o(.text) refers to main.o(.bss) for ch
    stm32f10x_it.o(.text) refers to bsp_config.o(.text) for TimingDelay_Decrement
    stm32f10x_it.o(.text) refers to stm32f10x_tim.o(.text) for TIM_GetITStatus
    stm32f10x_it.o(.text) refers to stm32f10x_it.o(.data) for count_num
    stm32f10x_it.o(.text) refers to bsp_config.o(.data) for CCR1_Val
    bsp_config.o(.text) refers to stm32f10x_gpio.o(.text) for GPIO_Init
    bsp_config.o(.text) refers to stm32f10x_rcc.o(.text) for RCC_APB2PeriphClockCmd
    bsp_config.o(.text) refers to misc.o(.text) for NVIC_SetVectorTable
    bsp_config.o(.text) refers to stm32f10x_usart.o(.text) for USART_Init
    bsp_config.o(.text) refers to stm32f10x_tim.o(.text) for TIM_TimeBaseInit
    bsp_config.o(.text) refers to stm32f10x_spi.o(.text) for SPI_Init
    bsp_config.o(.text) refers to bsp_config.o(.data) for CCR1_Val
    bsp_config.o(.text) refers to system_stm32f10x.o(.constdata) for SystemFrequency
    send_data.o(.text) refers to stm32f10x_usart.o(.text) for USART_GetFlagStatus
    send_data.o(.text) refers to crc.o(.text) for AH_CRC_Verify
    crc.o(.text) refers to crc.o(.constdata) for CRC_Tab
    oled.o(.text) refers to stm32f10x_gpio.o(.text) for GPIO_SetBits
    oled.o(.text) refers to bsp_config.o(.text) for SPI2_ReadWriteByte
    oled.o(.text) refers to oled.o(.bss) for OLED_GRAM
    oled.o(.text) refers to oled.o(.constdata) for oled_asc2_1206
    oled.o(.text) refers to stm32f10x_rcc.o(.text) for RCC_APB2PeriphClockCmd
    eeprom.o(.text) refers to stm32f10x_gpio.o(.text) for GPIO_Init
    eeprom.o(.text) refers to eeprom.o(.constdata) for cucBit2
    entry.o(.ARM.Collect$$$$00000000) refers (Special) to entry10a.o(.ARM.Collect$$$$0000000D) for __rt_final_cpp
    entry.o(.ARM.Collect$$$$00000000) refers (Special) to entry11a.o(.ARM.Collect$$$$0000000F) for __rt_final_exit
    entry.o(.ARM.Collect$$$$00000000) refers (Special) to entry7b.o(.ARM.Collect$$$$00000008) for _main_clock
    entry.o(.ARM.Collect$$$$00000000) refers (Special) to entry8b.o(.ARM.Collect$$$$0000000A) for _main_cpp_init
    entry.o(.ARM.Collect$$$$00000000) refers (Special) to entry9a.o(.ARM.Collect$$$$0000000B) for _main_init
    entry.o(.ARM.Collect$$$$00000000) refers (Special) to entry5.o(.ARM.Collect$$$$00000004) for _main_scatterload
    entry.o(.ARM.Collect$$$$00000000) refers (Special) to entry2.o(.ARM.Collect$$$$00000001) for _main_stk
    entry2.o(.ARM.Collect$$$$00000001) refers to entry2.o(.ARM.Collect$$$$00002712) for __lit__00000000
    entry2.o(.ARM.Collect$$$$00002712) refers to startup_stm32f10x_md.o(STACK) for __initial_sp
    entry2.o(__vectab_stack_and_reset_area) refers to startup_stm32f10x_md.o(STACK) for __initial_sp
    entry2.o(__vectab_stack_and_reset_area) refers to entry.o(.ARM.Collect$$$$00000000) for __main
    entry5.o(.ARM.Collect$$$$00000004) refers to init.o(.text) for __scatterload
    entry9a.o(.ARM.Collect$$$$0000000B) refers to main.o(.text) for main
    entry9b.o(.ARM.Collect$$$$0000000C) refers to main.o(.text) for main
    init.o(.text) refers to entry5.o(.ARM.Collect$$$$00000004) for __main_after_scatterload


==============================================================================

Removing Unused input sections from the image.

    Removing stm32f10x_i2c.o(.text), (996 bytes).
    Removing stm32f10x_iwdg.o(.text), (64 bytes).
    Removing stm32f10x_pwr.o(.text), (192 bytes).
    Removing stm32f10x_rtc.o(.text), (324 bytes).
    Removing stm32f10x_sdio.o(.text), (460 bytes).
    Removing stm32f10x_wwdg.o(.text), (124 bytes).
    Removing stm32f10x_adc.o(.text), (1072 bytes).
    Removing stm32f10x_bkp.o(.text), (164 bytes).
    Removing stm32f10x_can.o(.text), (1938 bytes).
    Removing stm32f10x_crc.o(.text), (72 bytes).
    Removing stm32f10x_dac.o(.text), (336 bytes).
    Removing stm32f10x_dbgmcu.o(.text), (48 bytes).
    Removing stm32f10x_dma.o(.text), (572 bytes).
    Removing stm32f10x_exti.o(.text), (292 bytes).
    Removing stm32f10x_flash.o(.text), (1324 bytes).
    Removing stm32f10x_fsmc.o(.text), (1552 bytes).
    Removing startup_stm32f10x_md.o(HEAP), (0 bytes).
    Removing core_cm3.o(.emb_text), (32 bytes).

18 unused section(s) (total 9562 bytes) removed from the image.

==============================================================================

Image Symbol Table

    Local Symbols

    Symbol Name                              Value     Ov Type        Size  Object(Section)

    ../clib/microlib/init/entry.s            0x00000000   Number         0  entry9b.o ABSOLUTE
    ../clib/microlib/init/entry.s            0x00000000   Number         0  entry9a.o ABSOLUTE
    ../clib/microlib/init/entry.s            0x00000000   Number         0  entry.o ABSOLUTE
    ../clib/microlib/init/entry.s            0x00000000   Number         0  entry10a.o ABSOLUTE
    ../clib/microlib/init/entry.s            0x00000000   Number         0  entry7a.o ABSOLUTE
    ../clib/microlib/init/entry.s            0x00000000   Number         0  entry10b.o ABSOLUTE
    ../clib/microlib/init/entry.s            0x00000000   Number         0  entry11a.o ABSOLUTE
    ../clib/microlib/init/entry.s            0x00000000   Number         0  entry5.o ABSOLUTE
    ../clib/microlib/init/entry.s            0x00000000   Number         0  entry8b.o ABSOLUTE
    ../clib/microlib/init/entry.s            0x00000000   Number         0  entry8a.o ABSOLUTE
    ../clib/microlib/init/entry.s            0x00000000   Number         0  entry11b.o ABSOLUTE
    ../clib/microlib/init/entry.s            0x00000000   Number         0  entry7b.o ABSOLUTE
    ../clib/microlib/init/entry.s            0x00000000   Number         0  entry2.o ABSOLUTE
    ..\APP\BSP_Config.c                      0x00000000   Number         0  bsp_config.o ABSOLUTE
    ..\APP\CRC.c                             0x00000000   Number         0  crc.o ABSOLUTE
    ..\APP\Eeprom.c                          0x00000000   Number         0  eeprom.o ABSOLUTE
    ..\APP\Sprint\send_DATA.c                0x00000000   Number         0  send_data.o ABSOLUTE
    ..\APP\main.c                            0x00000000   Number         0  main.o ABSOLUTE
    ..\APP\oled.c                            0x00000000   Number         0  oled.o ABSOLUTE
    ..\APP\stm32f10x_it.c                    0x00000000   Number         0  stm32f10x_it.o ABSOLUTE
    ..\Libraries\CMSIS\Core\CM3\core_cm3.c   0x00000000   Number         0  core_cm3.o ABSOLUTE
    ..\Libraries\CMSIS\Core\CM3\startup\arm\startup_stm32f10x_md.s 0x00000000   Number         0  startup_stm32f10x_md.o ABSOLUTE
    ..\Libraries\CMSIS\Core\CM3\system_stm32f10x.c 0x00000000   Number         0  system_stm32f10x.o ABSOLUTE
    ..\Libraries\STM32F10x_StdPeriph_Driver\src\misc.c 0x00000000   Number         0  misc.o ABSOLUTE
    ..\Libraries\STM32F10x_StdPeriph_Driver\src\stm32f10x_adc.c 0x00000000   Number         0  stm32f10x_adc.o ABSOLUTE
    ..\Libraries\STM32F10x_StdPeriph_Driver\src\stm32f10x_bkp.c 0x00000000   Number         0  stm32f10x_bkp.o ABSOLUTE
    ..\Libraries\STM32F10x_StdPeriph_Driver\src\stm32f10x_can.c 0x00000000   Number         0  stm32f10x_can.o ABSOLUTE
    ..\Libraries\STM32F10x_StdPeriph_Driver\src\stm32f10x_crc.c 0x00000000   Number         0  stm32f10x_crc.o ABSOLUTE
    ..\Libraries\STM32F10x_StdPeriph_Driver\src\stm32f10x_dac.c 0x00000000   Number         0  stm32f10x_dac.o ABSOLUTE
    ..\Libraries\STM32F10x_StdPeriph_Driver\src\stm32f10x_dbgmcu.c 0x00000000   Number         0  stm32f10x_dbgmcu.o ABSOLUTE
    ..\Libraries\STM32F10x_StdPeriph_Driver\src\stm32f10x_dma.c 0x00000000   Number         0  stm32f10x_dma.o ABSOLUTE
    ..\Libraries\STM32F10x_StdPeriph_Driver\src\stm32f10x_exti.c 0x00000000   Number         0  stm32f10x_exti.o ABSOLUTE
    ..\Libraries\STM32F10x_StdPeriph_Driver\src\stm32f10x_flash.c 0x00000000   Number         0  stm32f10x_flash.o ABSOLUTE
    ..\Libraries\STM32F10x_StdPeriph_Driver\src\stm32f10x_fsmc.c 0x00000000   Number         0  stm32f10x_fsmc.o ABSOLUTE
    ..\Libraries\STM32F10x_StdPeriph_Driver\src\stm32f10x_gpio.c 0x00000000   Number         0  stm32f10x_gpio.o ABSOLUTE
    ..\Libraries\STM32F10x_StdPeriph_Driver\src\stm32f10x_i2c.c 0x00000000   Number         0  stm32f10x_i2c.o ABSOLUTE
    ..\Libraries\STM32F10x_StdPeriph_Driver\src\stm32f10x_iwdg.c 0x00000000   Number         0  stm32f10x_iwdg.o ABSOLUTE
    ..\Libraries\STM32F10x_StdPeriph_Driver\src\stm32f10x_pwr.c 0x00000000   Number         0  stm32f10x_pwr.o ABSOLUTE
    ..\Libraries\STM32F10x_StdPeriph_Driver\src\stm32f10x_rcc.c 0x00000000   Number         0  stm32f10x_rcc.o ABSOLUTE
    ..\Libraries\STM32F10x_StdPeriph_Driver\src\stm32f10x_rtc.c 0x00000000   Number         0  stm32f10x_rtc.o ABSOLUTE
    ..\Libraries\STM32F10x_StdPeriph_Driver\src\stm32f10x_sdio.c 0x00000000   Number         0  stm32f10x_sdio.o ABSOLUTE
    ..\Libraries\STM32F10x_StdPeriph_Driver\src\stm32f10x_spi.c 0x00000000   Number         0  stm32f10x_spi.o ABSOLUTE
    ..\Libraries\STM32F10x_StdPeriph_Driver\src\stm32f10x_tim.c 0x00000000   Number         0  stm32f10x_tim.o ABSOLUTE
    ..\Libraries\STM32F10x_StdPeriph_Driver\src\stm32f10x_usart.c 0x00000000   Number         0  stm32f10x_usart.o ABSOLUTE
    ..\Libraries\STM32F10x_StdPeriph_Driver\src\stm32f10x_wwdg.c 0x00000000   Number         0  stm32f10x_wwdg.o ABSOLUTE
    ..\\Libraries\\CMSIS\\Core\\CM3\\core_cm3.c 0x00000000   Number         0  core_cm3.o ABSOLUTE
    dc.s                                     0x00000000   Number         0  dc.o ABSOLUTE
    handlers.s                               0x00000000   Number         0  handlers.o ABSOLUTE
    init.s                                   0x00000000   Number         0  init.o ABSOLUTE
    RESET                                    0x08000000   Section      236  startup_stm32f10x_md.o(RESET)
    .ARM.Collect$$$$00000000                 0x080000ec   Section        0  entry.o(.ARM.Collect$$$$00000000)
    .ARM.Collect$$$$00000001                 0x080000ec   Section        4  entry2.o(.ARM.Collect$$$$00000001)
    .ARM.Collect$$$$00000004                 0x080000f0   Section        4  entry5.o(.ARM.Collect$$$$00000004)
    .ARM.Collect$$$$00000008                 0x080000f4   Section        0  entry7b.o(.ARM.Collect$$$$00000008)
    .ARM.Collect$$$$0000000A                 0x080000f4   Section        0  entry8b.o(.ARM.Collect$$$$0000000A)
    .ARM.Collect$$$$0000000B                 0x080000f4   Section        8  entry9a.o(.ARM.Collect$$$$0000000B)
    .ARM.Collect$$$$0000000D                 0x080000fc   Section        0  entry10a.o(.ARM.Collect$$$$0000000D)
    .ARM.Collect$$$$0000000F                 0x080000fc   Section        0  entry11a.o(.ARM.Collect$$$$0000000F)
    .ARM.Collect$$$$00002712                 0x080000fc   Section        4  entry2.o(.ARM.Collect$$$$00002712)
    __lit__00000000                          0x080000fc   Data           4  entry2.o(.ARM.Collect$$$$00002712)
    .text                                    0x08000100   Section        0  misc.o(.text)
    .text                                    0x080001dc   Section        0  stm32f10x_gpio.o(.text)
    .text                                    0x08000508   Section        0  stm32f10x_rcc.o(.text)
    .text                                    0x080008a8   Section        0  stm32f10x_spi.o(.text)
    .text                                    0x08000ba8   Section        0  stm32f10x_tim.o(.text)
    TI4_Config                               0x08000ec7   Thumb Code    82  stm32f10x_tim.o(.text)
    TI3_Config                               0x08000f2b   Thumb Code    72  stm32f10x_tim.o(.text)
    TI2_Config                               0x08000f9d   Thumb Code    80  stm32f10x_tim.o(.text)
    TI1_Config                               0x08000fff   Thumb Code    56  stm32f10x_tim.o(.text)
    .text                                    0x08001770   Section        0  stm32f10x_usart.o(.text)
    .text                                    0x08001ae0   Section       28  startup_stm32f10x_md.o(.text)
    .text                                    0x08001afc   Section        0  system_stm32f10x.o(.text)
    SetSysClockTo72                          0x08001afd   Thumb Code   218  system_stm32f10x.o(.text)
    SetSysClock                              0x08001bd7   Thumb Code     8  system_stm32f10x.o(.text)
    .text                                    0x08001c34   Section        0  main.o(.text)
    .text                                    0x08001ea0   Section        0  stm32f10x_it.o(.text)
    .text                                    0x08001f74   Section        0  bsp_config.o(.text)
    .text                                    0x08002408   Section        0  send_data.o(.text)
    .text                                    0x080024e8   Section        0  crc.o(.text)
    .text                                    0x0800263c   Section        0  oled.o(.text)
    .text                                    0x08002b38   Section        0  eeprom.o(.text)
    .text                                    0x08002f28   Section       36  init.o(.text)
    i.__scatterload_copy                     0x08002f4c   Section       14  handlers.o(i.__scatterload_copy)
    i.__scatterload_null                     0x08002f5a   Section        2  handlers.o(i.__scatterload_null)
    i.__scatterload_zeroinit                 0x08002f5c   Section       14  handlers.o(i.__scatterload_zeroinit)
    .constdata                               0x08002f6c   Section       20  system_stm32f10x.o(.constdata)
    .constdata                               0x08002f80   Section      512  crc.o(.constdata)
    .constdata                               0x08003180   Section     3012  oled.o(.constdata)
    .constdata                               0x08003d44   Section        8  eeprom.o(.constdata)
    .data                                    0x20000000   Section       20  stm32f10x_rcc.o(.data)
    APBAHBPrescTable                         0x20000000   Data          16  stm32f10x_rcc.o(.data)
    ADCPrescTable                            0x20000010   Data           4  stm32f10x_rcc.o(.data)
    .data                                    0x20000014   Section      126  main.o(.data)
    .data                                    0x20000094   Section       14  stm32f10x_it.o(.data)
    .data                                    0x200000a4   Section        8  bsp_config.o(.data)
    TimingDelay                              0x200000a8   Data           4  bsp_config.o(.data)
    .bss                                     0x200000ac   Section       80  main.o(.bss)
    .bss                                     0x200000fc   Section     1024  oled.o(.bss)
    STACK                                    0x20000500   Section     1024  startup_stm32f10x_md.o(STACK)

    Global Symbols

    Symbol Name                              Value     Ov Type        Size  Object(Section)

    BuildAttributes$$THM_ISAv4$P$D$K$B$S$PE$A:L22UL41UL21$X:L11$S22US41US21$IEEE1$IW$USESV6$~STKCKD$USESV7$~SHL$OSPACE$EBA8$MICROLIB$REQ8$PRES8$EABIv2 0x00000000   Number         0  anon$$obj.o ABSOLUTE
    __ARM_use_no_argv                        0x00000000   Number         0  main.o ABSOLUTE
    __cpp_initialize__aeabi_                  - Undefined Weak Reference
    __cxa_finalize                            - Undefined Weak Reference
    __decompress                              - Undefined Weak Reference
    _clock_init                               - Undefined Weak Reference
    _microlib_exit                            - Undefined Weak Reference
    __Vectors_Size                           0x000000ec   Number         0  startup_stm32f10x_md.o ABSOLUTE
    __Vectors                                0x08000000   Data           4  startup_stm32f10x_md.o(RESET)
    __Vectors_End                            0x080000ec   Data           0  startup_stm32f10x_md.o(RESET)
    __main                                   0x080000ed   Thumb Code     0  entry.o(.ARM.Collect$$$$00000000)
    _main_stk                                0x080000ed   Thumb Code     0  entry2.o(.ARM.Collect$$$$00000001)
    _main_scatterload                        0x080000f1   Thumb Code     0  entry5.o(.ARM.Collect$$$$00000004)
    __main_after_scatterload                 0x080000f5   Thumb Code     0  entry5.o(.ARM.Collect$$$$00000004)
    _main_clock                              0x080000f5   Thumb Code     0  entry7b.o(.ARM.Collect$$$$00000008)
    _main_cpp_init                           0x080000f5   Thumb Code     0  entry8b.o(.ARM.Collect$$$$0000000A)
    _main_init                               0x080000f5   Thumb Code     0  entry9a.o(.ARM.Collect$$$$0000000B)
    __rt_final_cpp                           0x080000fd   Thumb Code     0  entry10a.o(.ARM.Collect$$$$0000000D)
    __rt_final_exit                          0x080000fd   Thumb Code     0  entry11a.o(.ARM.Collect$$$$0000000F)
    NVIC_PriorityGroupConfig                 0x08000101   Thumb Code    10  misc.o(.text)
    NVIC_Init                                0x0800010b   Thumb Code   102  misc.o(.text)
    NVIC_SetVectorTable                      0x08000171   Thumb Code    14  misc.o(.text)
    NVIC_SystemLPConfig                      0x0800017f   Thumb Code    34  misc.o(.text)
    SysTick_CLKSourceConfig                  0x080001a1   Thumb Code    40  misc.o(.text)
    GPIO_DeInit                              0x080001dd   Thumb Code   188  stm32f10x_gpio.o(.text)
    GPIO_AFIODeInit                          0x08000299   Thumb Code    20  stm32f10x_gpio.o(.text)
    GPIO_Init                                0x080002ad   Thumb Code   274  stm32f10x_gpio.o(.text)
    GPIO_StructInit                          0x080003bf   Thumb Code    16  stm32f10x_gpio.o(.text)
    GPIO_ReadInputDataBit                    0x080003cf   Thumb Code    18  stm32f10x_gpio.o(.text)
    GPIO_ReadInputData                       0x080003e1   Thumb Code     8  stm32f10x_gpio.o(.text)
    GPIO_ReadOutputDataBit                   0x080003e9   Thumb Code    18  stm32f10x_gpio.o(.text)
    GPIO_ReadOutputData                      0x080003fb   Thumb Code     8  stm32f10x_gpio.o(.text)
    GPIO_SetBits                             0x08000403   Thumb Code     4  stm32f10x_gpio.o(.text)
    GPIO_ResetBits                           0x08000407   Thumb Code     4  stm32f10x_gpio.o(.text)
    GPIO_WriteBit                            0x0800040b   Thumb Code    10  stm32f10x_gpio.o(.text)
    GPIO_Write                               0x08000415   Thumb Code     4  stm32f10x_gpio.o(.text)
    GPIO_PinLockConfig                       0x08000419   Thumb Code    18  stm32f10x_gpio.o(.text)
    GPIO_EventOutputConfig                   0x0800042b   Thumb Code    26  stm32f10x_gpio.o(.text)
    GPIO_EventOutputCmd                      0x08000445   Thumb Code     6  stm32f10x_gpio.o(.text)
    GPIO_PinRemapConfig                      0x0800044b   Thumb Code   106  stm32f10x_gpio.o(.text)
    GPIO_EXTILineConfig                      0x080004b5   Thumb Code    66  stm32f10x_gpio.o(.text)
    RCC_DeInit                               0x08000509   Thumb Code    62  stm32f10x_rcc.o(.text)
    RCC_HSEConfig                            0x08000547   Thumb Code    70  stm32f10x_rcc.o(.text)
    RCC_GetFlagStatus                        0x0800058d   Thumb Code    56  stm32f10x_rcc.o(.text)
    RCC_WaitForHSEStartUp                    0x080005c5   Thumb Code    54  stm32f10x_rcc.o(.text)
    RCC_AdjustHSICalibrationValue            0x080005fb   Thumb Code    20  stm32f10x_rcc.o(.text)
    RCC_HSICmd                               0x0800060f   Thumb Code     6  stm32f10x_rcc.o(.text)
    RCC_PLLConfig                            0x08000615   Thumb Code    24  stm32f10x_rcc.o(.text)
    RCC_PLLCmd                               0x0800062d   Thumb Code     6  stm32f10x_rcc.o(.text)
    RCC_SYSCLKConfig                         0x08000633   Thumb Code    18  stm32f10x_rcc.o(.text)
    RCC_GetSYSCLKSource                      0x08000645   Thumb Code    10  stm32f10x_rcc.o(.text)
    RCC_HCLKConfig                           0x0800064f   Thumb Code    18  stm32f10x_rcc.o(.text)
    RCC_PCLK1Config                          0x08000661   Thumb Code    18  stm32f10x_rcc.o(.text)
    RCC_PCLK2Config                          0x08000673   Thumb Code    20  stm32f10x_rcc.o(.text)
    RCC_ITConfig                             0x08000687   Thumb Code    26  stm32f10x_rcc.o(.text)
    RCC_USBCLKConfig                         0x080006a1   Thumb Code     6  stm32f10x_rcc.o(.text)
    RCC_ADCCLKConfig                         0x080006a7   Thumb Code    18  stm32f10x_rcc.o(.text)
    RCC_LSEConfig                            0x080006b9   Thumb Code    44  stm32f10x_rcc.o(.text)
    RCC_LSICmd                               0x080006e5   Thumb Code     6  stm32f10x_rcc.o(.text)
    RCC_RTCCLKConfig                         0x080006eb   Thumb Code    12  stm32f10x_rcc.o(.text)
    RCC_RTCCLKCmd                            0x080006f7   Thumb Code     8  stm32f10x_rcc.o(.text)
    RCC_GetClocksFreq                        0x080006ff   Thumb Code   192  stm32f10x_rcc.o(.text)
    RCC_AHBPeriphClockCmd                    0x080007bf   Thumb Code    26  stm32f10x_rcc.o(.text)
    RCC_APB2PeriphClockCmd                   0x080007d9   Thumb Code    26  stm32f10x_rcc.o(.text)
    RCC_APB1PeriphClockCmd                   0x080007f3   Thumb Code    26  stm32f10x_rcc.o(.text)
    RCC_APB2PeriphResetCmd                   0x0800080d   Thumb Code    26  stm32f10x_rcc.o(.text)
    RCC_APB1PeriphResetCmd                   0x08000827   Thumb Code    26  stm32f10x_rcc.o(.text)
    RCC_BackupResetCmd                       0x08000841   Thumb Code     8  stm32f10x_rcc.o(.text)
    RCC_ClockSecuritySystemCmd               0x08000849   Thumb Code     6  stm32f10x_rcc.o(.text)
    RCC_MCOConfig                            0x0800084f   Thumb Code     6  stm32f10x_rcc.o(.text)
    RCC_ClearFlag                            0x08000855   Thumb Code    14  stm32f10x_rcc.o(.text)
    RCC_GetITStatus                          0x08000863   Thumb Code    20  stm32f10x_rcc.o(.text)
    RCC_ClearITPendingBit                    0x08000877   Thumb Code     6  stm32f10x_rcc.o(.text)
    SPI_I2S_DeInit                           0x080008a9   Thumb Code    88  stm32f10x_spi.o(.text)
    SPI_Init                                 0x08000901   Thumb Code    60  stm32f10x_spi.o(.text)
    I2S_Init                                 0x0800093d   Thumb Code   210  stm32f10x_spi.o(.text)
    SPI_StructInit                           0x08000a0f   Thumb Code    24  stm32f10x_spi.o(.text)
    I2S_StructInit                           0x08000a27   Thumb Code    20  stm32f10x_spi.o(.text)
    SPI_Cmd                                  0x08000a3b   Thumb Code    24  stm32f10x_spi.o(.text)
    I2S_Cmd                                  0x08000a53   Thumb Code    24  stm32f10x_spi.o(.text)
    SPI_I2S_ITConfig                         0x08000a6b   Thumb Code    32  stm32f10x_spi.o(.text)
    SPI_I2S_DMACmd                           0x08000a8b   Thumb Code    18  stm32f10x_spi.o(.text)
    SPI_I2S_SendData                         0x08000a9d   Thumb Code     4  stm32f10x_spi.o(.text)
    SPI_I2S_ReceiveData                      0x08000aa1   Thumb Code     6  stm32f10x_spi.o(.text)
    SPI_NSSInternalSoftwareConfig            0x08000aa7   Thumb Code    30  stm32f10x_spi.o(.text)
    SPI_SSOutputCmd                          0x08000ac5   Thumb Code    24  stm32f10x_spi.o(.text)
    SPI_DataSizeConfig                       0x08000add   Thumb Code    18  stm32f10x_spi.o(.text)
    SPI_TransmitCRC                          0x08000aef   Thumb Code    10  stm32f10x_spi.o(.text)
    SPI_CalculateCRC                         0x08000af9   Thumb Code    24  stm32f10x_spi.o(.text)
    SPI_GetCRC                               0x08000b11   Thumb Code    16  stm32f10x_spi.o(.text)
    SPI_GetCRCPolynomial                     0x08000b21   Thumb Code     6  stm32f10x_spi.o(.text)
    SPI_BiDirectionalLineConfig              0x08000b27   Thumb Code    28  stm32f10x_spi.o(.text)
    SPI_I2S_GetFlagStatus                    0x08000b43   Thumb Code    18  stm32f10x_spi.o(.text)
    SPI_I2S_ClearFlag                        0x08000b55   Thumb Code     6  stm32f10x_spi.o(.text)
    SPI_I2S_GetITStatus                      0x08000b5b   Thumb Code    52  stm32f10x_spi.o(.text)
    SPI_I2S_ClearITPendingBit                0x08000b8f   Thumb Code    20  stm32f10x_spi.o(.text)
    TIM_DeInit                               0x08000ba9   Thumb Code   214  stm32f10x_tim.o(.text)
    TIM_TimeBaseInit                         0x08000c7f   Thumb Code    50  stm32f10x_tim.o(.text)
    TIM_OC1Init                              0x08000cb1   Thumb Code   110  stm32f10x_tim.o(.text)
    TIM_OC2Init                              0x08000d1f   Thumb Code   148  stm32f10x_tim.o(.text)
    TIM_OC3Init                              0x08000db3   Thumb Code   144  stm32f10x_tim.o(.text)
    TIM_OC4Init                              0x08000e43   Thumb Code   106  stm32f10x_tim.o(.text)
    TIM_SetIC4Prescaler                      0x08000ead   Thumb Code    26  stm32f10x_tim.o(.text)
    TIM_SetIC3Prescaler                      0x08000f19   Thumb Code    18  stm32f10x_tim.o(.text)
    TIM_SetIC2Prescaler                      0x08000f73   Thumb Code    42  stm32f10x_tim.o(.text)
    TIM_SetIC1Prescaler                      0x08000fed   Thumb Code    18  stm32f10x_tim.o(.text)
    TIM_ICInit                               0x08001037   Thumb Code   110  stm32f10x_tim.o(.text)
    TIM_PWMIConfig                           0x080010a5   Thumb Code   124  stm32f10x_tim.o(.text)
    TIM_BDTRConfig                           0x08001121   Thumb Code    32  stm32f10x_tim.o(.text)
    TIM_TimeBaseStructInit                   0x08001141   Thumb Code    18  stm32f10x_tim.o(.text)
    TIM_OCStructInit                         0x08001153   Thumb Code    20  stm32f10x_tim.o(.text)
    TIM_ICStructInit                         0x08001167   Thumb Code    18  stm32f10x_tim.o(.text)
    TIM_BDTRStructInit                       0x08001179   Thumb Code    18  stm32f10x_tim.o(.text)
    TIM_Cmd                                  0x0800118b   Thumb Code    24  stm32f10x_tim.o(.text)
    TIM_CtrlPWMOutputs                       0x080011a3   Thumb Code    30  stm32f10x_tim.o(.text)
    TIM_ITConfig                             0x080011c1   Thumb Code    18  stm32f10x_tim.o(.text)
    TIM_GenerateEvent                        0x080011d3   Thumb Code     4  stm32f10x_tim.o(.text)
    TIM_DMAConfig                            0x080011d7   Thumb Code    10  stm32f10x_tim.o(.text)
    TIM_DMACmd                               0x080011e1   Thumb Code    18  stm32f10x_tim.o(.text)
    TIM_InternalClockConfig                  0x080011f3   Thumb Code    12  stm32f10x_tim.o(.text)
    TIM_SelectInputTrigger                   0x080011ff   Thumb Code    18  stm32f10x_tim.o(.text)
    TIM_ITRxExternalClockConfig              0x08001211   Thumb Code    24  stm32f10x_tim.o(.text)
    TIM_TIxExternalClockConfig               0x08001229   Thumb Code    62  stm32f10x_tim.o(.text)
    TIM_ETRConfig                            0x08001267   Thumb Code    30  stm32f10x_tim.o(.text)
    TIM_ETRClockMode1Config                  0x08001285   Thumb Code    54  stm32f10x_tim.o(.text)
    TIM_ETRClockMode2Config                  0x080012bb   Thumb Code    32  stm32f10x_tim.o(.text)
    TIM_PrescalerConfig                      0x080012db   Thumb Code     6  stm32f10x_tim.o(.text)
    TIM_CounterModeConfig                    0x080012e1   Thumb Code    18  stm32f10x_tim.o(.text)
    TIM_EncoderInterfaceConfig               0x080012f3   Thumb Code    66  stm32f10x_tim.o(.text)
    TIM_ForcedOC1Config                      0x08001335   Thumb Code    18  stm32f10x_tim.o(.text)
    TIM_ForcedOC2Config                      0x08001347   Thumb Code    26  stm32f10x_tim.o(.text)
    TIM_ForcedOC3Config                      0x08001361   Thumb Code    18  stm32f10x_tim.o(.text)
    TIM_ForcedOC4Config                      0x08001373   Thumb Code    26  stm32f10x_tim.o(.text)
    TIM_ARRPreloadConfig                     0x0800138d   Thumb Code    24  stm32f10x_tim.o(.text)
    TIM_SelectCOM                            0x080013a5   Thumb Code    24  stm32f10x_tim.o(.text)
    TIM_SelectCCDMA                          0x080013bd   Thumb Code    24  stm32f10x_tim.o(.text)
    TIM_CCPreloadControl                     0x080013d5   Thumb Code    24  stm32f10x_tim.o(.text)
    TIM_OC1PreloadConfig                     0x080013ed   Thumb Code    18  stm32f10x_tim.o(.text)
    TIM_OC2PreloadConfig                     0x080013ff   Thumb Code    26  stm32f10x_tim.o(.text)
    TIM_OC3PreloadConfig                     0x08001419   Thumb Code    18  stm32f10x_tim.o(.text)
    TIM_OC4PreloadConfig                     0x0800142b   Thumb Code    26  stm32f10x_tim.o(.text)
    TIM_OC1FastConfig                        0x08001445   Thumb Code    18  stm32f10x_tim.o(.text)
    TIM_OC2FastConfig                        0x08001457   Thumb Code    26  stm32f10x_tim.o(.text)
    TIM_OC3FastConfig                        0x08001471   Thumb Code    18  stm32f10x_tim.o(.text)
    TIM_OC4FastConfig                        0x08001483   Thumb Code    26  stm32f10x_tim.o(.text)
    TIM_ClearOC1Ref                          0x0800149d   Thumb Code    18  stm32f10x_tim.o(.text)
    TIM_ClearOC2Ref                          0x080014af   Thumb Code    24  stm32f10x_tim.o(.text)
    TIM_ClearOC3Ref                          0x080014c7   Thumb Code    18  stm32f10x_tim.o(.text)
    TIM_ClearOC4Ref                          0x080014d9   Thumb Code    24  stm32f10x_tim.o(.text)
    TIM_OC1PolarityConfig                    0x080014f1   Thumb Code    18  stm32f10x_tim.o(.text)
    TIM_OC1NPolarityConfig                   0x08001503   Thumb Code    18  stm32f10x_tim.o(.text)
    TIM_OC2PolarityConfig                    0x08001515   Thumb Code    26  stm32f10x_tim.o(.text)
    TIM_OC2NPolarityConfig                   0x0800152f   Thumb Code    26  stm32f10x_tim.o(.text)
    TIM_OC3PolarityConfig                    0x08001549   Thumb Code    26  stm32f10x_tim.o(.text)
    TIM_OC3NPolarityConfig                   0x08001563   Thumb Code    26  stm32f10x_tim.o(.text)
    TIM_OC4PolarityConfig                    0x0800157d   Thumb Code    26  stm32f10x_tim.o(.text)
    TIM_CCxCmd                               0x08001597   Thumb Code    26  stm32f10x_tim.o(.text)
    TIM_CCxNCmd                              0x080015b1   Thumb Code    26  stm32f10x_tim.o(.text)
    TIM_SelectOCxM                           0x080015cb   Thumb Code   134  stm32f10x_tim.o(.text)
    TIM_UpdateDisableConfig                  0x08001651   Thumb Code    24  stm32f10x_tim.o(.text)
    TIM_UpdateRequestConfig                  0x08001669   Thumb Code    24  stm32f10x_tim.o(.text)
    TIM_SelectHallSensor                     0x08001681   Thumb Code    24  stm32f10x_tim.o(.text)
    TIM_SelectOnePulseMode                   0x08001699   Thumb Code    18  stm32f10x_tim.o(.text)
    TIM_SelectOutputTrigger                  0x080016ab   Thumb Code    18  stm32f10x_tim.o(.text)
    TIM_SelectSlaveMode                      0x080016bd   Thumb Code    18  stm32f10x_tim.o(.text)
    TIM_SelectMasterSlaveMode                0x080016cf   Thumb Code    18  stm32f10x_tim.o(.text)
    TIM_SetCounter                           0x080016e1   Thumb Code     4  stm32f10x_tim.o(.text)
    TIM_SetAutoreload                        0x080016e5   Thumb Code     4  stm32f10x_tim.o(.text)
    TIM_SetCompare1                          0x080016e9   Thumb Code     4  stm32f10x_tim.o(.text)
    TIM_SetCompare2                          0x080016ed   Thumb Code     4  stm32f10x_tim.o(.text)
    TIM_SetCompare3                          0x080016f1   Thumb Code     4  stm32f10x_tim.o(.text)
    TIM_SetCompare4                          0x080016f5   Thumb Code     6  stm32f10x_tim.o(.text)
    TIM_SetClockDivision                     0x080016fb   Thumb Code    14  stm32f10x_tim.o(.text)
    TIM_GetCapture1                          0x08001709   Thumb Code     6  stm32f10x_tim.o(.text)
    TIM_GetCapture2                          0x0800170f   Thumb Code     6  stm32f10x_tim.o(.text)
    TIM_GetCapture3                          0x08001715   Thumb Code     6  stm32f10x_tim.o(.text)
    TIM_GetCapture4                          0x0800171b   Thumb Code     8  stm32f10x_tim.o(.text)
    TIM_GetCounter                           0x08001723   Thumb Code     6  stm32f10x_tim.o(.text)
    TIM_GetPrescaler                         0x08001729   Thumb Code     6  stm32f10x_tim.o(.text)
    TIM_GetFlagStatus                        0x0800172f   Thumb Code    18  stm32f10x_tim.o(.text)
    TIM_ClearFlag                            0x08001741   Thumb Code     6  stm32f10x_tim.o(.text)
    TIM_GetITStatus                          0x08001747   Thumb Code    34  stm32f10x_tim.o(.text)
    TIM_ClearITPendingBit                    0x08001769   Thumb Code     6  stm32f10x_tim.o(.text)
    USART_DeInit                             0x08001771   Thumb Code   146  stm32f10x_usart.o(.text)
    USART_Init                               0x08001803   Thumb Code   150  stm32f10x_usart.o(.text)
    USART_StructInit                         0x08001899   Thumb Code    24  stm32f10x_usart.o(.text)
    USART_ClockInit                          0x080018b1   Thumb Code    34  stm32f10x_usart.o(.text)
    USART_ClockStructInit                    0x080018d3   Thumb Code    12  stm32f10x_usart.o(.text)
    USART_Cmd                                0x080018df   Thumb Code    24  stm32f10x_usart.o(.text)
    USART_ITConfig                           0x080018f7   Thumb Code    64  stm32f10x_usart.o(.text)
    USART_DMACmd                             0x08001937   Thumb Code    18  stm32f10x_usart.o(.text)
    USART_SetAddress                         0x08001949   Thumb Code    18  stm32f10x_usart.o(.text)
    USART_WakeUpConfig                       0x0800195b   Thumb Code    18  stm32f10x_usart.o(.text)
    USART_ReceiverWakeUpCmd                  0x0800196d   Thumb Code    24  stm32f10x_usart.o(.text)
    USART_LINBreakDetectLengthConfig         0x08001985   Thumb Code    18  stm32f10x_usart.o(.text)
    USART_LINCmd                             0x08001997   Thumb Code    24  stm32f10x_usart.o(.text)
    USART_SendData                           0x080019af   Thumb Code     8  stm32f10x_usart.o(.text)
    USART_ReceiveData                        0x080019b7   Thumb Code    10  stm32f10x_usart.o(.text)
    USART_SendBreak                          0x080019c1   Thumb Code    10  stm32f10x_usart.o(.text)
    USART_SetGuardTime                       0x080019cb   Thumb Code    16  stm32f10x_usart.o(.text)
    USART_SetPrescaler                       0x080019db   Thumb Code    16  stm32f10x_usart.o(.text)
    USART_SmartCardCmd                       0x080019eb   Thumb Code    24  stm32f10x_usart.o(.text)
    USART_SmartCardNACKCmd                   0x08001a03   Thumb Code    24  stm32f10x_usart.o(.text)
    USART_HalfDuplexCmd                      0x08001a1b   Thumb Code    24  stm32f10x_usart.o(.text)
    USART_IrDAConfig                         0x08001a33   Thumb Code    18  stm32f10x_usart.o(.text)
    USART_IrDACmd                            0x08001a45   Thumb Code    24  stm32f10x_usart.o(.text)
    USART_GetFlagStatus                      0x08001a5d   Thumb Code    18  stm32f10x_usart.o(.text)
    USART_ClearFlag                          0x08001a6f   Thumb Code     6  stm32f10x_usart.o(.text)
    USART_GetITStatus                        0x08001a75   Thumb Code    76  stm32f10x_usart.o(.text)
    USART_ClearITPendingBit                  0x08001ac1   Thumb Code    20  stm32f10x_usart.o(.text)
    Reset_Handler                            0x08001ae1   Thumb Code     4  startup_stm32f10x_md.o(.text)
    ADC1_2_IRQHandler                        0x08001af7   Thumb Code     0  startup_stm32f10x_md.o(.text)
    CAN1_RX1_IRQHandler                      0x08001af7   Thumb Code     0  startup_stm32f10x_md.o(.text)
    CAN1_SCE_IRQHandler                      0x08001af7   Thumb Code     0  startup_stm32f10x_md.o(.text)
    DMA1_Channel1_IRQHandler                 0x08001af7   Thumb Code     0  startup_stm32f10x_md.o(.text)
    DMA1_Channel2_IRQHandler                 0x08001af7   Thumb Code     0  startup_stm32f10x_md.o(.text)
    DMA1_Channel3_IRQHandler                 0x08001af7   Thumb Code     0  startup_stm32f10x_md.o(.text)
    DMA1_Channel4_IRQHandler                 0x08001af7   Thumb Code     0  startup_stm32f10x_md.o(.text)
    DMA1_Channel5_IRQHandler                 0x08001af7   Thumb Code     0  startup_stm32f10x_md.o(.text)
    DMA1_Channel6_IRQHandler                 0x08001af7   Thumb Code     0  startup_stm32f10x_md.o(.text)
    DMA1_Channel7_IRQHandler                 0x08001af7   Thumb Code     0  startup_stm32f10x_md.o(.text)
    EXTI0_IRQHandler                         0x08001af7   Thumb Code     0  startup_stm32f10x_md.o(.text)
    EXTI15_10_IRQHandler                     0x08001af7   Thumb Code     0  startup_stm32f10x_md.o(.text)
    EXTI1_IRQHandler                         0x08001af7   Thumb Code     0  startup_stm32f10x_md.o(.text)
    EXTI2_IRQHandler                         0x08001af7   Thumb Code     0  startup_stm32f10x_md.o(.text)
    EXTI3_IRQHandler                         0x08001af7   Thumb Code     0  startup_stm32f10x_md.o(.text)
    EXTI4_IRQHandler                         0x08001af7   Thumb Code     0  startup_stm32f10x_md.o(.text)
    EXTI9_5_IRQHandler                       0x08001af7   Thumb Code     0  startup_stm32f10x_md.o(.text)
    FLASH_IRQHandler                         0x08001af7   Thumb Code     0  startup_stm32f10x_md.o(.text)
    I2C1_ER_IRQHandler                       0x08001af7   Thumb Code     0  startup_stm32f10x_md.o(.text)
    I2C1_EV_IRQHandler                       0x08001af7   Thumb Code     0  startup_stm32f10x_md.o(.text)
    I2C2_ER_IRQHandler                       0x08001af7   Thumb Code     0  startup_stm32f10x_md.o(.text)
    I2C2_EV_IRQHandler                       0x08001af7   Thumb Code     0  startup_stm32f10x_md.o(.text)
    PVD_IRQHandler                           0x08001af7   Thumb Code     0  startup_stm32f10x_md.o(.text)
    RCC_IRQHandler                           0x08001af7   Thumb Code     0  startup_stm32f10x_md.o(.text)
    RTCAlarm_IRQHandler                      0x08001af7   Thumb Code     0  startup_stm32f10x_md.o(.text)
    RTC_IRQHandler                           0x08001af7   Thumb Code     0  startup_stm32f10x_md.o(.text)
    SPI1_IRQHandler                          0x08001af7   Thumb Code     0  startup_stm32f10x_md.o(.text)
    SPI2_IRQHandler                          0x08001af7   Thumb Code     0  startup_stm32f10x_md.o(.text)
    TAMPER_IRQHandler                        0x08001af7   Thumb Code     0  startup_stm32f10x_md.o(.text)
    TIM1_BRK_IRQHandler                      0x08001af7   Thumb Code     0  startup_stm32f10x_md.o(.text)
    TIM1_CC_IRQHandler                       0x08001af7   Thumb Code     0  startup_stm32f10x_md.o(.text)
    TIM1_TRG_COM_IRQHandler                  0x08001af7   Thumb Code     0  startup_stm32f10x_md.o(.text)
    TIM1_UP_IRQHandler                       0x08001af7   Thumb Code     0  startup_stm32f10x_md.o(.text)
    TIM3_IRQHandler                          0x08001af7   Thumb Code     0  startup_stm32f10x_md.o(.text)
    TIM4_IRQHandler                          0x08001af7   Thumb Code     0  startup_stm32f10x_md.o(.text)
    USART2_IRQHandler                        0x08001af7   Thumb Code     0  startup_stm32f10x_md.o(.text)
    USART3_IRQHandler                        0x08001af7   Thumb Code     0  startup_stm32f10x_md.o(.text)
    USBWakeUp_IRQHandler                     0x08001af7   Thumb Code     0  startup_stm32f10x_md.o(.text)
    USB_HP_CAN1_TX_IRQHandler                0x08001af7   Thumb Code     0  startup_stm32f10x_md.o(.text)
    USB_LP_CAN1_RX0_IRQHandler               0x08001af7   Thumb Code     0  startup_stm32f10x_md.o(.text)
    WWDG_IRQHandler                          0x08001af7   Thumb Code     0  startup_stm32f10x_md.o(.text)
    SystemInit                               0x08001bdf   Thumb Code    68  system_stm32f10x.o(.text)
    Key_Delay                                0x08001c35   Thumb Code    16  main.o(.text)
    Time_Delay                               0x08001c45   Thumb Code    26  main.o(.text)
    fputc                                    0x08001c5f   Thumb Code    36  main.o(.text)
    USART1_IRQHandler                        0x08001c83   Thumb Code    72  main.o(.text)
    main                                     0x08001ccb   Thumb Code   326  main.o(.text)
    NMI_Handler                              0x08001ea1   Thumb Code     2  stm32f10x_it.o(.text)
    HardFault_Handler                        0x08001ea3   Thumb Code     4  stm32f10x_it.o(.text)
    MemManage_Handler                        0x08001ea7   Thumb Code     4  stm32f10x_it.o(.text)
    BusFault_Handler                         0x08001eab   Thumb Code     4  stm32f10x_it.o(.text)
    UsageFault_Handler                       0x08001eaf   Thumb Code     4  stm32f10x_it.o(.text)
    SVC_Handler                              0x08001eb3   Thumb Code     2  stm32f10x_it.o(.text)
    DebugMon_Handler                         0x08001eb5   Thumb Code     2  stm32f10x_it.o(.text)
    PendSV_Handler                           0x08001eb7   Thumb Code     2  stm32f10x_it.o(.text)
    SysTick_Handler                          0x08001eb9   Thumb Code    38  stm32f10x_it.o(.text)
    TIM2_IRQHandler                          0x08001edf   Thumb Code   128  stm32f10x_it.o(.text)
    GPIO_Configuration                       0x08001f75   Thumb Code   246  bsp_config.o(.text)
    RCC_Configuration                        0x0800206b   Thumb Code    28  bsp_config.o(.text)
    NVIC_Configuration                       0x08002087   Thumb Code    78  bsp_config.o(.text)
    USART_Configuration                      0x080020d5   Thumb Code    62  bsp_config.o(.text)
    TIM2_Config                              0x08002113   Thumb Code   148  bsp_config.o(.text)
    SPI1_Init                                0x080021a7   Thumb Code   140  bsp_config.o(.text)
    SPI2_Init                                0x08002233   Thumb Code   160  bsp_config.o(.text)
    SysTick_init                             0x080022d3   Thumb Code    84  bsp_config.o(.text)
    delay_ms                                 0x08002327   Thumb Code    16  bsp_config.o(.text)
    TimingDelay_Decrement                    0x08002337   Thumb Code    18  bsp_config.o(.text)
    SPI1_ReadWriteByte                       0x08002349   Thumb Code   114  bsp_config.o(.text)
    SPI2_ReadWriteByte                       0x080023bb   Thumb Code    70  bsp_config.o(.text)
    DATA_send                                0x08002409   Thumb Code    42  send_data.o(.text)
    Init_Buffer                              0x08002433   Thumb Code    42  send_data.o(.text)
    Copy_Mem                                 0x0800245d   Thumb Code    22  send_data.o(.text)
    Copy_Char                                0x08002473   Thumb Code    22  send_data.o(.text)
    Compare_Mem                              0x08002489   Thumb Code    36  send_data.o(.text)
    Send_Start                               0x080024ad   Thumb Code    56  send_data.o(.text)
    AH_CRC_Verify                            0x080024e9   Thumb Code    82  crc.o(.text)
    AH_Full_0F_Verify                        0x0800253b   Thumb Code    62  crc.o(.text)
    CRC_CHECK                                0x08002579   Thumb Code    76  crc.o(.text)
    XOR                                      0x080025c5   Thumb Code    26  crc.o(.text)
    CalCrc16                                 0x080025df   Thumb Code    62  crc.o(.text)
    BE4StrToInt                              0x0800261d   Thumb Code    26  crc.o(.text)
    OLED_WR_Byte                             0x0800263d   Thumb Code    62  oled.o(.text)
    OLED_Refresh_Gram                        0x0800267b   Thumb Code    70  oled.o(.text)
    OLED_Display_On                          0x080026c1   Thumb Code    28  oled.o(.text)
    OLED_Display_Off                         0x080026dd   Thumb Code    28  oled.o(.text)
    OLED_Clear                               0x080026f9   Thumb Code    42  oled.o(.text)
    LCD_Set_Pos                              0x08002723   Thumb Code    52  oled.o(.text)
    OLED_DrawPoint                           0x08002757   Thumb Code   140  oled.o(.text)
    OLED_Fill                                0x080027e3   Thumb Code    58  oled.o(.text)
    OLED_ShowChar                            0x0800281d   Thumb Code   158  oled.o(.text)
    OLED_ShowCHinese                         0x080028bb   Thumb Code   132  oled.o(.text)
    oled_pow                                 0x0800293f   Thumb Code    22  oled.o(.text)
    OLED_ShowNum                             0x08002955   Thumb Code   148  oled.o(.text)
    OLED_ShowString                          0x080029e9   Thumb Code    88  oled.o(.text)
    OLED_Init                                0x08002a41   Thumb Code   242  oled.o(.text)
    SDA_Out                                  0x08002b39   Thumb Code    30  eeprom.o(.text)
    SDA_In                                   0x08002b57   Thumb Code    30  eeprom.o(.text)
    DelayIntr2                               0x08002b75   Thumb Code    30  eeprom.o(.text)
    I2cStart2                                0x08002b93   Thumb Code    52  eeprom.o(.text)
    I2cStop2                                 0x08002bc7   Thumb Code    52  eeprom.o(.text)
    WaitAck2                                 0x08002bfb   Thumb Code    92  eeprom.o(.text)
    SendAck2                                 0x08002c57   Thumb Code    52  eeprom.o(.text)
    SendNotAck2                              0x08002c8b   Thumb Code    52  eeprom.o(.text)
    I2cSend2                                 0x08002cbf   Thumb Code    90  eeprom.o(.text)
    I2cReceive2                              0x08002d19   Thumb Code    90  eeprom.o(.text)
    I2CWriteByte                             0x08002d73   Thumb Code   200  eeprom.o(.text)
    I2CReadByte                              0x08002e3b   Thumb Code   226  eeprom.o(.text)
    __scatterload                            0x08002f29   Thumb Code    28  init.o(.text)
    __scatterload_rt2                        0x08002f29   Thumb Code     0  init.o(.text)
    __scatterload_copy                       0x08002f4d   Thumb Code    14  handlers.o(i.__scatterload_copy)
    __scatterload_null                       0x08002f5b   Thumb Code     2  handlers.o(i.__scatterload_null)
    __scatterload_zeroinit                   0x08002f5d   Thumb Code    14  handlers.o(i.__scatterload_zeroinit)
    SystemFrequency                          0x08002f6c   Data           4  system_stm32f10x.o(.constdata)
    SystemFrequency_SysClk                   0x08002f70   Data           4  system_stm32f10x.o(.constdata)
    SystemFrequency_AHBClk                   0x08002f74   Data           4  system_stm32f10x.o(.constdata)
    SystemFrequency_APB1Clk                  0x08002f78   Data           4  system_stm32f10x.o(.constdata)
    SystemFrequency_APB2Clk                  0x08002f7c   Data           4  system_stm32f10x.o(.constdata)
    CRC_Tab                                  0x08002f80   Data         512  crc.o(.constdata)
    oled_asc2_1206                           0x08003180   Data        1140  oled.o(.constdata)
    oled_asc2_1608                           0x080035f4   Data        1520  oled.o(.constdata)
    CHINESE                                  0x08003be4   Data         352  oled.o(.constdata)
    cucBit2                                  0x08003d44   Data           8  eeprom.o(.constdata)
    Region$$Table$$Base                      0x08003d4c   Number         0  anon$$obj.o(Region$$Table)
    Region$$Table$$Limit                     0x08003d6c   Number         0  anon$$obj.o(Region$$Table)
    Num_RXD                                  0x20000014   Data           4  main.o(.data)
    TxBuffer                                 0x20000018   Data          64  main.o(.data)
    Key0                                     0x20000058   Data           1  main.o(.data)
    Key0_Value                               0x20000059   Data           1  main.o(.data)
    Key0_State                               0x2000005a   Data           1  main.o(.data)
    LED0_State                               0x2000005b   Data           1  main.o(.data)
    flag                                     0x2000005c   Data           4  main.o(.data)
    count                                    0x20000060   Data           1  main.o(.data)
    idAddr                                   0x20000064   Data          40  main.o(.data)
    P_RXD                                    0x2000008c   Data           4  main.o(.data)
    t                                        0x20000090   Data           1  main.o(.data)
    JG                                       0x20000091   Data           1  main.o(.data)
    Time_delay                               0x20000094   Data           4  stm32f10x_it.o(.data)
    count_num                                0x20000098   Data           4  stm32f10x_it.o(.data)
    count_flag                               0x2000009c   Data           4  stm32f10x_it.o(.data)
    capture                                  0x200000a0   Data           2  stm32f10x_it.o(.data)
    CCR1_Val                                 0x200000a4   Data           2  bsp_config.o(.data)
    CCR2_Val                                 0x200000a6   Data           2  bsp_config.o(.data)
    ch                                       0x200000ac   Data          16  main.o(.bss)
    RxBuffer                                 0x200000bc   Data          64  main.o(.bss)
    OLED_GRAM                                0x200000fc   Data        1024  oled.o(.bss)
    __initial_sp                             0x20000900   Data           0  startup_stm32f10x_md.o(STACK)



==============================================================================

Memory Map of the image

  Image Entry point : 0x080000ed

  Load Region LR_IROM1 (Base: 0x08000000, Size: 0x00003e18, Max: 0x00010000, ABSOLUTE)

    Execution Region ER_IROM1 (Base: 0x08000000, Size: 0x00003d6c, Max: 0x00010000, ABSOLUTE)

    Base Addr    Size         Type   Attr      Idx    E Section Name        Object

    0x08000000   0x000000ec   Data   RO          375    RESET               startup_stm32f10x_md.o
    0x080000ec   0x00000000   Code   RO          533  * .ARM.Collect$$$$00000000  mc_w.l(entry.o)
    0x080000ec   0x00000004   Code   RO          536    .ARM.Collect$$$$00000001  mc_w.l(entry2.o)
    0x080000f0   0x00000004   Code   RO          539    .ARM.Collect$$$$00000004  mc_w.l(entry5.o)
    0x080000f4   0x00000000   Code   RO          541    .ARM.Collect$$$$00000008  mc_w.l(entry7b.o)
    0x080000f4   0x00000000   Code   RO          543    .ARM.Collect$$$$0000000A  mc_w.l(entry8b.o)
    0x080000f4   0x00000008   Code   RO          544    .ARM.Collect$$$$0000000B  mc_w.l(entry9a.o)
    0x080000fc   0x00000000   Code   RO          546    .ARM.Collect$$$$0000000D  mc_w.l(entry10a.o)
    0x080000fc   0x00000000   Code   RO          548    .ARM.Collect$$$$0000000F  mc_w.l(entry11a.o)
    0x080000fc   0x00000004   Code   RO          537    .ARM.Collect$$$$00002712  mc_w.l(entry2.o)
    0x08000100   0x000000dc   Code   RO            1    .text               misc.o
    0x080001dc   0x0000032c   Code   RO           77    .text               stm32f10x_gpio.o
    0x08000508   0x000003a0   Code   RO          134    .text               stm32f10x_rcc.o
    0x080008a8   0x00000300   Code   RO          178    .text               stm32f10x_spi.o
    0x08000ba8   0x00000bc6   Code   RO          190    .text               stm32f10x_tim.o
    0x0800176e   0x00000002   PAD
    0x08001770   0x00000370   Code   RO          202    .text               stm32f10x_usart.o
    0x08001ae0   0x0000001c   Code   RO          376    .text               startup_stm32f10x_md.o
    0x08001afc   0x00000138   Code   RO          391    .text               system_stm32f10x.o
    0x08001c34   0x0000026c   Code   RO          409    .text               main.o
    0x08001ea0   0x000000d4   Code   RO          426    .text               stm32f10x_it.o
    0x08001f74   0x00000494   Code   RO          445    .text               bsp_config.o
    0x08002408   0x000000e0   Code   RO          466    .text               send_data.o
    0x080024e8   0x00000154   Code   RO          481    .text               crc.o
    0x0800263c   0x000004fc   Code   RO          496    .text               oled.o
    0x08002b38   0x000003f0   Code   RO          518    .text               eeprom.o
    0x08002f28   0x00000024   Code   RO          550    .text               mc_w.l(init.o)
    0x08002f4c   0x0000000e   Code   RO          554    i.__scatterload_copy  mc_w.l(handlers.o)
    0x08002f5a   0x00000002   Code   RO          555    i.__scatterload_null  mc_w.l(handlers.o)
    0x08002f5c   0x0000000e   Code   RO          556    i.__scatterload_zeroinit  mc_w.l(handlers.o)
    0x08002f6a   0x00000002   PAD
    0x08002f6c   0x00000014   Data   RO          392    .constdata          system_stm32f10x.o
    0x08002f80   0x00000200   Data   RO          482    .constdata          crc.o
    0x08003180   0x00000bc4   Data   RO          498    .constdata          oled.o
    0x08003d44   0x00000008   Data   RO          519    .constdata          eeprom.o
    0x08003d4c   0x00000020   Data   RO          552    Region$$Table       anon$$obj.o


    Execution Region RW_IRAM1 (Base: 0x20000000, Size: 0x00000900, Max: 0x00005000, ABSOLUTE)

    Base Addr    Size         Type   Attr      Idx    E Section Name        Object

    0x20000000   0x00000014   Data   RW          135    .data               stm32f10x_rcc.o
    0x20000014   0x0000007e   Data   RW          411    .data               main.o
    0x20000092   0x00000002   PAD
    0x20000094   0x0000000e   Data   RW          427    .data               stm32f10x_it.o
    0x200000a2   0x00000002   PAD
    0x200000a4   0x00000008   Data   RW          446    .data               bsp_config.o
    0x200000ac   0x00000050   Zero   RW          410    .bss                main.o
    0x200000fc   0x00000400   Zero   RW          497    .bss                oled.o
    0x200004fc   0x00000004   PAD
    0x20000500   0x00000400   Zero   RW          373    STACK               startup_stm32f10x_md.o


==============================================================================

Image component sizes


      Code (inc. data)   RO Data    RW Data    ZI Data      Debug   Object Name

      1172         56          0          8          0       7764   bsp_config.o
       340          6        512          0          0       2595   crc.o
      1008         12          8          0          0       4061   eeprom.o
       620        144          0        126         80       2487   main.o
       220         20          0          0          0     259265   misc.o
      1276         26       3012          0       1024       4991   oled.o
       224          4          0          0          0       1866   send_data.o
        28          4        236          0       1024        832   startup_stm32f10x_md.o
       812         18          0          0          0       5175   stm32f10x_gpio.o
       212         22          0         14          0       1728   stm32f10x_it.o
       928         44          0         20          0       8792   stm32f10x_rcc.o
       768          6          0          0          0       6322   stm32f10x_spi.o
      3014         16          0          0          0      23884   stm32f10x_tim.o
       880         12          0          0          0       7795   stm32f10x_usart.o
       312         18         20          0          0       1653   system_stm32f10x.o

    ----------------------------------------------------------------------
     11816        408       3820        172       2132     339210   Object Totals
         0          0         32          0          0          0   (incl. Generated)
         2          0          0          4          4          0   (incl. Padding)

    ----------------------------------------------------------------------

      Code (inc. data)   RO Data    RW Data    ZI Data      Debug   Library Member Name

         0          0          0          0          0          0   entry.o
         0          0          0          0          0          0   entry10a.o
         0          0          0          0          0          0   entry11a.o
         8          4          0          0          0          0   entry2.o
         4          0          0          0          0          0   entry5.o
         0          0          0          0          0          0   entry7b.o
         0          0          0          0          0          0   entry8b.o
         8          4          0          0          0          0   entry9a.o
        30          0          0          0          0          0   handlers.o
        36          8          0          0          0         68   init.o

    ----------------------------------------------------------------------
        88         16          0          0          0         68   Library Totals
         2          0          0          0          0          0   (incl. Padding)

    ----------------------------------------------------------------------

      Code (inc. data)   RO Data    RW Data    ZI Data      Debug   Library Name

        86         16          0          0          0         68   mc_w.l

    ----------------------------------------------------------------------
        88         16          0          0          0         68   Library Totals

    ----------------------------------------------------------------------

==============================================================================


      Code (inc. data)   RO Data    RW Data    ZI Data      Debug   

     11904        424       3820        172       2132     337874   Grand Totals
     11904        424       3820        172       2132     337874   ELF Image Totals
     11904        424       3820        172          0          0   ROM Totals

==============================================================================

    Total RO  Size (Code + RO Data)                15724 (  15.36kB)
    Total RW  Size (RW Data + ZI Data)              2304 (   2.25kB)
    Total ROM Size (Code + RO Data + RW Data)      15896 (  15.52kB)

==============================================================================

