<html>
<body>
<pre>
<h1>µVision Build Log</h1>
<h2>Project:</h2>
E:\stm32_learn\example\STM32_OLED(C8T6)\MDK-Proj\STM32_OLED.uvproj
Project File Date:  11/29/2018

<h2>Output:</h2>
Build target 'STM32_OLED'
compiling BSP_Config.c...
linking...
Program Size: Code=9892 RO-data=268 RW-data=176 ZI-data=1104  
FromELF: creating hex file...
".\STM32_OLED.axf" - 0 Errors, 0 Warning(s).
Rebuild target 'STM32_OLED'
compiling misc.c...
compiling stm32f10x_gpio.c...
compiling stm32f10x_i2c.c...
compiling stm32f10x_iwdg.c...
compiling stm32f10x_pwr.c...
compiling stm32f10x_rcc.c...
compiling stm32f10x_rtc.c...
compiling stm32f10x_sdio.c...
compiling stm32f10x_spi.c...
compiling stm32f10x_tim.c...
compiling stm32f10x_usart.c...
compiling stm32f10x_wwdg.c...
compiling stm32f10x_adc.c...
compiling stm32f10x_bkp.c...
compiling stm32f10x_can.c...
compiling stm32f10x_crc.c...
compiling stm32f10x_dac.c...
compiling stm32f10x_dbgmcu.c...
compiling stm32f10x_dma.c...
compiling stm32f10x_exti.c...
compiling stm32f10x_flash.c...
compiling stm32f10x_fsmc.c...
assembling startup_stm32f10x_md.s...
compiling core_cm3.c...
compiling system_stm32f10x.c...
compiling main.c...
..\APP\main.c(309): warning:  #111-D: statement is unreachable
..\APP\main.c(180): warning:  #177-D: variable "ID" was declared but never referenced
compiling stm32f10x_it.c...
compiling BSP_Config.c...
compiling send_DATA.c...
compiling CRC.c...
compiling oled.c...
compiling Eeprom.c...
linking...
Program Size: Code=9892 RO-data=268 RW-data=176 ZI-data=1104  
FromELF: creating hex file...
".\STM32_OLED.axf" - 0 Errors, 2 Warning(s).
Build target 'STM32_OLED'
compiling BSP_Config.c...
linking...
Program Size: Code=9892 RO-data=268 RW-data=176 ZI-data=1104  
FromELF: creating hex file...
".\STM32_OLED.axf" - 0 Errors, 0 Warning(s).
Build target 'STM32_OLED'
compiling main.c...
..\APP\main.c(309): warning:  #111-D: statement is unreachable
linking...
Program Size: Code=9960 RO-data=268 RW-data=176 ZI-data=1104  
FromELF: creating hex file...
".\STM32_OLED.axf" - 0 Errors, 1 Warning(s).
Build target 'STM32_OLED'
compiling main.c...
linking...
Program Size: Code=9960 RO-data=268 RW-data=176 ZI-data=1104  
FromELF: creating hex file...
".\STM32_OLED.axf" - 0 Errors, 0 Warning(s).
Build target 'STM32_OLED'
compiling BSP_Config.c...
linking...
Program Size: Code=9960 RO-data=268 RW-data=176 ZI-data=1104  
FromELF: creating hex file...
".\STM32_OLED.axf" - 0 Errors, 0 Warning(s).
Rebuild target 'STM32_OLED'
compiling misc.c...
compiling stm32f10x_gpio.c...
compiling stm32f10x_i2c.c...
compiling stm32f10x_iwdg.c...
compiling stm32f10x_pwr.c...
compiling stm32f10x_rcc.c...
compiling stm32f10x_rtc.c...
compiling stm32f10x_sdio.c...
compiling stm32f10x_spi.c...
compiling stm32f10x_tim.c...
compiling stm32f10x_usart.c...
compiling stm32f10x_wwdg.c...
compiling stm32f10x_adc.c...
compiling stm32f10x_bkp.c...
compiling stm32f10x_can.c...
compiling stm32f10x_crc.c...
compiling stm32f10x_dac.c...
compiling stm32f10x_dbgmcu.c...
compiling stm32f10x_dma.c...
compiling stm32f10x_exti.c...
compiling stm32f10x_flash.c...
compiling stm32f10x_fsmc.c...
assembling startup_stm32f10x_md.s...
compiling core_cm3.c...
compiling system_stm32f10x.c...
compiling main.c...
compiling stm32f10x_it.c...
compiling BSP_Config.c...
compiling send_DATA.c...
compiling CRC.c...
compiling oled.c...
compiling Eeprom.c...
linking...
Program Size: Code=9960 RO-data=268 RW-data=176 ZI-data=1104  
FromELF: creating hex file...
".\STM32_OLED.axf" - 0 Errors, 0 Warning(s).
Build target 'STM32_OLED'
compiling BSP_Config.c...
linking...
Program Size: Code=9972 RO-data=288 RW-data=176 ZI-data=1104  
FromELF: creating hex file...
".\STM32_OLED.axf" - 0 Errors, 0 Warning(s).
